[     363ms] [LOG] WARN: Resolve v11 routing, livereSeq:22094 @ https://cdn-city.livere.com/js/embed.dist.js:1
[     363ms] [LOG] WARN: livereHooks bridge: registered 8 event mappings @ https://cdn-city.livere.com/js/embed.dist.js:1
[     549ms] [WARNING] [GPT] PubAdsService.enableSingleRequest is deprecated, use googletag.setConfig({singleRequest: ...}) instead.
https://goo.gle/gpt-message#170 @ https://securepubads.g.doubleclick.net/pagead/managed/js/gpt/m202608060101/pubads_impl.js?cb=122880269:18
[     589ms] [WARNING] Mixed Content: The page at 'https://api.dable.io/widgets/id/M7NAbeob/users/62894499.1786417508112?from=https%3A%2F%2Fenter.etoday.co.kr%2Fnews%2Fview%2F300886&url=https%3A%2F%2Fenter.etoday.co.kr%2Fnews%2Fview%2F300886&ref=&cid=62894499.1786417508112&uid=62894499.1786417508112&site=enter.etoday.co.kr&gdpr=0&service_id=280&service_type=news&country=KR&client_id=93&lazyload_widget_ids=M7NAvWob&randomStr=2d0dea7b-130d-4e52-918a-da2487a5aa7c&id=dablewidget_M7NAbeob&category1=%EC%97%94%ED%84%B0&author=%ED%99%8D%EC%84%A0%ED%99%94&item_id=300886&item_pub_date=2026-08-11T09%3A22%3A17%2B09%3A00&pixel_ratio=1&ua=Mozilla%2F5.0%20(Windows%20NT%2010.0%3B%20Win64%3B%20x64)%20AppleWebKit%2F537.36%20(KHTML%2C%20like%20Gecko)%20Chrome%2F151.0.7922.109%20Safari%2F537.36&client_width=700&network=non-wifi&lang=ko&is_top_win=1&top_win_accessible=1&is_lazyload=0' was loaded over HTTPS, but requested an insecure element 'http://enter.etoday.co.kr/images/ico_all.gif'. This request was automatically upgraded to HTTPS, For more information see https://blog.chromium.org/2019/10/no-more-mixed-messages-about-https.html @ https://ajax.googleapis.com/ajax/libs/jquery/1.12.4/jquery.min.js:2
[     983ms] [WARNING] [ad-fit-web] 광고 스크립트 주소가 변경되었습니다: `https://t1.daumcdn.net/kas/static/ba.min.js`. @ https://t1.daumcdn.net/adfit/static/ad.min.js:0
[    1013ms] [ERROR] Attestation check for Shared Storage on https://www.googleadservices.com failed. @ https://www.googleadservices.com/pagead/managed/js/activeview/current/reach_worklet.html:0
[    1013ms] [ERROR] Attestation check for Shared Storage on https://www.googleadservices.com failed. @ https://www.googleadservices.com/pagead/managed/js/activeview/current/reach_worklet.html:0
[    1013ms] [ERROR] Attestation check for Shared Storage on https://www.googleadservices.com failed. @ https://www.googleadservices.com/pagead/managed/js/activeview/current/reach_worklet.html:0
[    1013ms] [ERROR] Attestation check for Shared Storage on https://www.googleadservices.com failed. @ https://www.googleadservices.com/pagead/managed/js/activeview/current/reach_worklet.html:0
[    1013ms] [ERROR] Attestation check for Shared Storage on https://www.googleadservices.com failed. @ https://www.googleadservices.com/pagead/managed/js/activeview/current/reach_worklet.html:0
[    1086ms] [LOG] Polite loading scripts @ https://s0.2mdn.net/sadbundle/3094749217740977086/js/banner.js:10
[    1089ms] [ERROR] Attestation check for Shared Storage on https://www.googleadservices.com failed. @ https://www.googleadservices.com/pagead/managed/js/activeview/current/reach_worklet.html:0
[    1013ms] [ERROR] Attestation check for Shared Storage on https://www.googleadservices.com failed. @ https://www.googleadservices.com/pagead/managed/js/activeview/current/reach_worklet.html:0
[    1089ms] [ERROR] Attestation check for Shared Storage on https://www.googleadservices.com failed. @ https://www.googleadservices.com/pagead/managed/js/activeview/current/reach_worklet.html:0
[    1013ms] [ERROR] Attestation check for Shared Storage on https://www.googleadservices.com failed. @ https://www.googleadservices.com/pagead/managed/js/activeview/current/reach_worklet.html:0
[    1089ms] [ERROR] Attestation check for Shared Storage on https://www.googleadservices.com failed. @ https://www.googleadservices.com/pagead/managed/js/activeview/current/reach_worklet.html:0
[    1013ms] [ERROR] Attestation check for Shared Storage on https://www.googleadservices.com failed. @ https://www.googleadservices.com/pagead/managed/js/activeview/current/reach_worklet.html:0
[    1089ms] [ERROR] Attestation check for Shared Storage on https://www.googleadservices.com failed. @ https://www.googleadservices.com/pagead/managed/js/activeview/current/reach_worklet.html:0
[    1013ms] [ERROR] Attestation check for Shared Storage on https://www.googleadservices.com failed. @ https://www.googleadservices.com/pagead/managed/js/activeview/current/reach_worklet.html:0
[    1089ms] [ERROR] Attestation check for Shared Storage on https://www.googleadservices.com failed. @ https://www.googleadservices.com/pagead/managed/js/activeview/current/reach_worklet.html:0
[    1160ms] [ERROR] Attestation check for Attribution Reporting on https://ad.doubleclick.net failed. @ https://enter.etoday.co.kr/news/view/300886:0
[    1163ms] [ERROR] Attestation check for Shared Storage on https://www.googleadservices.com failed. @ https://www.googleadservices.com/pagead/managed/js/activeview/current/reach_worklet.html:0
[    1166ms] [ERROR] Attestation check for Shared Storage on https://www.googleadservices.com failed. @ https://www.googleadservices.com/pagead/managed/js/activeview/current/reach_worklet.html:0
[    1168ms] [ERROR] Attestation check for Shared Storage on https://www.googleadservices.com failed. @ https://www.googleadservices.com/pagead/managed/js/activeview/current/reach_worklet.html:0
[    1184ms] [ERROR] Failed to load resource: the server responded with a status of 400 (Bad Request) @ https://cksync.yahoo.co.jp/sspsync?ptr=12703&google_gid=CAESEL08RWrmIjBnPW6IQFZqug8&google_cver=1&google_push=AXcoOmSemgt42ZPj9ZuCnFv-gT2_kg1uXoBhsUiEfS1Unf0x95txeQmQIO3pBqJLkwB-hisD5bnvaJu1qHVmEf3SlKMPJYs-grSXEJ9DSnIUmVRDqq8N5AZKUoffFvsLqiGDsnZd5M85DJqQmRfzyvzirNou:0
[    1203ms] [WARNING] [ad-fit-web] 광고 Markup 영역의 클레스 이름을 바꿔주세요: daum_ddn_area -> kakao_ad_area @ https://t1.daumcdn.net/kas/static/ba.min.js:1
[    1223ms] [ERROR] Failed to load resource: net::ERR_NAME_NOT_RESOLVED @ https://sync.search.spotxchange.com/partner?adv_id=7025&uid=CAESEOArRoDAwBhy-MglSbQzphI&google_cver=1:0
[    1227ms] [ERROR] Failed to load resource: net::ERR_NAME_NOT_RESOLVED @ https://sync.search.spotxchange.com/partner?adv_id=7025&redir=https%3A%2F%2Fcm.g.doubleclick.net%2Fpixel%3Fgoogle_nid%3Dspotxchange_dbm%26google_hm%3D%24SPOTX_BASE64_USER_ID:0
[    1301ms] [ERROR] Attestation check for Shared Storage on https://www.googleadservices.com failed. @ https://www.googleadservices.com/pagead/managed/js/activeview/current/reach_worklet.html:0
[    1306ms] [ERROR] Attestation check for Shared Storage on https://www.googleadservices.com failed. @ https://www.googleadservices.com/pagead/managed/js/activeview/current/reach_worklet.html:0
[    1312ms] [ERROR] Attestation check for Shared Storage on https://www.googleadservices.com failed. @ https://www.googleadservices.com/pagead/managed/js/activeview/current/reach_worklet.html:0
[    1316ms] [ERROR] Attestation check for Shared Storage on https://www.googleadservices.com failed. @ https://www.googleadservices.com/pagead/managed/js/activeview/current/reach_worklet.html:0
[    1347ms] [WARNING] The googletag.pubads().definePassback function has been deprecated. The function may break in certain contexts, see https://developers.google.com/publisher-tag/guides/passback-tags#construct_passback_tags for how to correctly create a passback. @ https://securepubads.g.doubleclick.net/pagead/managed/js/gpt/m202608060101/pubads_impl.js?cb=122880269:18
[    1223ms] [ERROR] Failed to load resource: net::ERR_NAME_NOT_RESOLVED @ https://sync.search.spotxchange.com/partner?adv_id=7025&uid=CAESEOArRoDAwBhy-MglSbQzphI&google_cver=1:0
[    1227ms] [ERROR] Failed to load resource: net::ERR_NAME_NOT_RESOLVED @ https://sync.search.spotxchange.com/partner?adv_id=7025&redir=https%3A%2F%2Fcm.g.doubleclick.net%2Fpixel%3Fgoogle_nid%3Dspotxchange_dbm%26google_hm%3D%24SPOTX_BASE64_USER_ID:0
[    1379ms] [ERROR] Attestation check for Attribution Reporting on https://ad.doubleclick.net failed. @ https://enter.etoday.co.kr/news/view/300886:0
[    1223ms] [ERROR] Failed to load resource: net::ERR_NAME_NOT_RESOLVED @ https://sync.search.spotxchange.com/partner?adv_id=7025&uid=CAESEOArRoDAwBhy-MglSbQzphI&google_cver=1:0
[    1227ms] [ERROR] Failed to load resource: net::ERR_NAME_NOT_RESOLVED @ https://sync.search.spotxchange.com/partner?adv_id=7025&redir=https%3A%2F%2Fcm.g.doubleclick.net%2Fpixel%3Fgoogle_nid%3Dspotxchange_dbm%26google_hm%3D%24SPOTX_BASE64_USER_ID:0
[    1411ms] [WARNING] The googletag.pubads().definePassback function has been deprecated. The function may break in certain contexts, see https://developers.google.com/publisher-tag/guides/passback-tags#construct_passback_tags for how to correctly create a passback. @ https://securepubads.g.doubleclick.net/pagead/managed/js/gpt/m202608060101/pubads_impl.js?cb=122880269:18
[    1184ms] [ERROR] Failed to load resource: the server responded with a status of 400 (Bad Request) @ https://cksync.yahoo.co.jp/sspsync?ptr=12703&google_gid=CAESEL08RWrmIjBnPW6IQFZqug8&google_cver=1&google_push=AXcoOmSemgt42ZPj9ZuCnFv-gT2_kg1uXoBhsUiEfS1Unf0x95txeQmQIO3pBqJLkwB-hisD5bnvaJu1qHVmEf3SlKMPJYs-grSXEJ9DSnIUmVRDqq8N5AZKUoffFvsLqiGDsnZd5M85DJqQmRfzyvzirNou:0
[    1223ms] [ERROR] Failed to load resource: net::ERR_NAME_NOT_RESOLVED @ https://sync.search.spotxchange.com/partner?adv_id=7025&uid=CAESEOArRoDAwBhy-MglSbQzphI&google_cver=1:0
[    1227ms] [ERROR] Failed to load resource: net::ERR_NAME_NOT_RESOLVED @ https://sync.search.spotxchange.com/partner?adv_id=7025&redir=https%3A%2F%2Fcm.g.doubleclick.net%2Fpixel%3Fgoogle_nid%3Dspotxchange_dbm%26google_hm%3D%24SPOTX_BASE64_USER_ID:0
[    1451ms] [WARNING] The googletag.pubads().definePassback function has been deprecated. The function may break in certain contexts, see https://developers.google.com/publisher-tag/guides/passback-tags#construct_passback_tags for how to correctly create a passback. @ https://securepubads.g.doubleclick.net/pagead/managed/js/gpt/m202608060101/pubads_impl.js?cb=122880269:18
[    1013ms] [ERROR] Attestation check for Shared Storage on https://www.googleadservices.com failed. @ https://www.googleadservices.com/pagead/managed/js/activeview/current/reach_worklet.html:0
[    1089ms] [ERROR] Attestation check for Shared Storage on https://www.googleadservices.com failed. @ https://www.googleadservices.com/pagead/managed/js/activeview/current/reach_worklet.html:0
[    1163ms] [ERROR] Attestation check for Shared Storage on https://www.googleadservices.com failed. @ https://www.googleadservices.com/pagead/managed/js/activeview/current/reach_worklet.html:0
[    1166ms] [ERROR] Attestation check for Shared Storage on https://www.googleadservices.com failed. @ https://www.googleadservices.com/pagead/managed/js/activeview/current/reach_worklet.html:0
[    1168ms] [ERROR] Attestation check for Shared Storage on https://www.googleadservices.com failed. @ https://www.googleadservices.com/pagead/managed/js/activeview/current/reach_worklet.html:0
[    1301ms] [ERROR] Attestation check for Shared Storage on https://www.googleadservices.com failed. @ https://www.googleadservices.com/pagead/managed/js/activeview/current/reach_worklet.html:0
[    1306ms] [ERROR] Attestation check for Shared Storage on https://www.googleadservices.com failed. @ https://www.googleadservices.com/pagead/managed/js/activeview/current/reach_worklet.html:0
[    1312ms] [ERROR] Attestation check for Shared Storage on https://www.googleadservices.com failed. @ https://www.googleadservices.com/pagead/managed/js/activeview/current/reach_worklet.html:0
[    1316ms] [ERROR] Attestation check for Shared Storage on https://www.googleadservices.com failed. @ https://www.googleadservices.com/pagead/managed/js/activeview/current/reach_worklet.html:0
[    1480ms] [WARNING] You are using deprecated show_ads.js script to display AdSense ads. To improve performance of your ads switch to the modern adsbygoogle.js script. See instructions on https://support.google.com/adsense/answer/9190028. @ https://pagead2.googlesyndication.com/pagead/show_ads.js:52
[    1491ms] [ERROR] Attestation check for Shared Storage on https://www.googleadservices.com failed. @ https://www.googleadservices.com/pagead/managed/js/activeview/current/reach_worklet.html:0
[    1223ms] [ERROR] Failed to load resource: net::ERR_NAME_NOT_RESOLVED @ https://sync.search.spotxchange.com/partner?adv_id=7025&uid=CAESEOArRoDAwBhy-MglSbQzphI&google_cver=1:0
[    1227ms] [ERROR] Failed to load resource: net::ERR_NAME_NOT_RESOLVED @ https://sync.search.spotxchange.com/partner?adv_id=7025&redir=https%3A%2F%2Fcm.g.doubleclick.net%2Fpixel%3Fgoogle_nid%3Dspotxchange_dbm%26google_hm%3D%24SPOTX_BASE64_USER_ID:0
[    1184ms] [ERROR] Failed to load resource: the server responded with a status of 400 (Bad Request) @ https://cksync.yahoo.co.jp/sspsync?ptr=12703&google_gid=CAESEL08RWrmIjBnPW6IQFZqug8&google_cver=1&google_push=AXcoOmSemgt42ZPj9ZuCnFv-gT2_kg1uXoBhsUiEfS1Unf0x95txeQmQIO3pBqJLkwB-hisD5bnvaJu1qHVmEf3SlKMPJYs-grSXEJ9DSnIUmVRDqq8N5AZKUoffFvsLqiGDsnZd5M85DJqQmRfzyvzirNou:0
[    1013ms] [ERROR] Attestation check for Shared Storage on https://www.googleadservices.com failed. @ https://www.googleadservices.com/pagead/managed/js/activeview/current/reach_worklet.html:0
[    1089ms] [ERROR] Attestation check for Shared Storage on https://www.googleadservices.com failed. @ https://www.googleadservices.com/pagead/managed/js/activeview/current/reach_worklet.html:0
[    1163ms] [ERROR] Attestation check for Shared Storage on https://www.googleadservices.com failed. @ https://www.googleadservices.com/pagead/managed/js/activeview/current/reach_worklet.html:0
[    1166ms] [ERROR] Attestation check for Shared Storage on https://www.googleadservices.com failed. @ https://www.googleadservices.com/pagead/managed/js/activeview/current/reach_worklet.html:0
[    1168ms] [ERROR] Attestation check for Shared Storage on https://www.googleadservices.com failed. @ https://www.googleadservices.com/pagead/managed/js/activeview/current/reach_worklet.html:0
[    1301ms] [ERROR] Attestation check for Shared Storage on https://www.googleadservices.com failed. @ https://www.googleadservices.com/pagead/managed/js/activeview/current/reach_worklet.html:0
[    1306ms] [ERROR] Attestation check for Shared Storage on https://www.googleadservices.com failed. @ https://www.googleadservices.com/pagead/managed/js/activeview/current/reach_worklet.html:0
[    1312ms] [ERROR] Attestation check for Shared Storage on https://www.googleadservices.com failed. @ https://www.googleadservices.com/pagead/managed/js/activeview/current/reach_worklet.html:0
[    1316ms] [ERROR] Attestation check for Shared Storage on https://www.googleadservices.com failed. @ https://www.googleadservices.com/pagead/managed/js/activeview/current/reach_worklet.html:0
[    1491ms] [ERROR] Attestation check for Shared Storage on https://www.googleadservices.com failed. @ https://www.googleadservices.com/pagead/managed/js/activeview/current/reach_worklet.html:0
[    1184ms] [ERROR] Failed to load resource: the server responded with a status of 400 (Bad Request) @ https://cksync.yahoo.co.jp/sspsync?ptr=12703&google_gid=CAESEL08RWrmIjBnPW6IQFZqug8&google_cver=1&google_push=AXcoOmSemgt42ZPj9ZuCnFv-gT2_kg1uXoBhsUiEfS1Unf0x95txeQmQIO3pBqJLkwB-hisD5bnvaJu1qHVmEf3SlKMPJYs-grSXEJ9DSnIUmVRDqq8N5AZKUoffFvsLqiGDsnZd5M85DJqQmRfzyvzirNou:0
[    1223ms] [ERROR] Failed to load resource: net::ERR_NAME_NOT_RESOLVED @ https://sync.search.spotxchange.com/partner?adv_id=7025&uid=CAESEOArRoDAwBhy-MglSbQzphI&google_cver=1:0
[    1227ms] [ERROR] Failed to load resource: net::ERR_NAME_NOT_RESOLVED @ https://sync.search.spotxchange.com/partner?adv_id=7025&redir=https%3A%2F%2Fcm.g.doubleclick.net%2Fpixel%3Fgoogle_nid%3Dspotxchange_dbm%26google_hm%3D%24SPOTX_BASE64_USER_ID:0
[    1629ms] [ERROR] Mixed Content: The page at 'https://enter.etoday.co.kr/news/view/300886' was loaded over HTTPS, but requested an insecure script 'http://pagead2.googlesyndication.com/pagead/show_ads.js'. This request has been blocked; the content must be served over HTTPS. @ https://securepubads.g.doubleclick.net/pagead/managed/js/gpt/m202608060101/pubads_impl.js?cb=122880269:18
[    1629ms] [ERROR] Mixed Content: The page at 'https://enter.etoday.co.kr/news/view/300886' was loaded over HTTPS, but requested an insecure script 'http://pagead2.googlesyndication.com/pagead/show_ads.js'. This request has been blocked; the content must be served over HTTPS. @ https://securepubads.g.doubleclick.net/pagead/managed/js/gpt/m202608060101/pubads_impl.js?cb=122880269:18
[    1184ms] [ERROR] Failed to load resource: the server responded with a status of 400 (Bad Request) @ https://cksync.yahoo.co.jp/sspsync?ptr=12703&google_gid=CAESEL08RWrmIjBnPW6IQFZqug8&google_cver=1&google_push=AXcoOmSemgt42ZPj9ZuCnFv-gT2_kg1uXoBhsUiEfS1Unf0x95txeQmQIO3pBqJLkwB-hisD5bnvaJu1qHVmEf3SlKMPJYs-grSXEJ9DSnIUmVRDqq8N5AZKUoffFvsLqiGDsnZd5M85DJqQmRfzyvzirNou:0
[    1688ms] [ERROR] Attestation check for Shared Storage on https://www.googleadservices.com failed. @ https://www.googleadservices.com/pagead/managed/js/activeview/current/reach_worklet.html:0
[    1013ms] [ERROR] Attestation check for Shared Storage on https://www.googleadservices.com failed. @ https://www.googleadservices.com/pagead/managed/js/activeview/current/reach_worklet.html:0
[    1089ms] [ERROR] Attestation check for Shared Storage on https://www.googleadservices.com failed. @ https://www.googleadservices.com/pagead/managed/js/activeview/current/reach_worklet.html:0
[    1163ms] [ERROR] Attestation check for Shared Storage on https://www.googleadservices.com failed. @ https://www.googleadservices.com/pagead/managed/js/activeview/current/reach_worklet.html:0
[    1166ms] [ERROR] Attestation check for Shared Storage on https://www.googleadservices.com failed. @ https://www.googleadservices.com/pagead/managed/js/activeview/current/reach_worklet.html:0
[    1168ms] [ERROR] Attestation check for Shared Storage on https://www.googleadservices.com failed. @ https://www.googleadservices.com/pagead/managed/js/activeview/current/reach_worklet.html:0
[    1301ms] [ERROR] Attestation check for Shared Storage on https://www.googleadservices.com failed. @ https://www.googleadservices.com/pagead/managed/js/activeview/current/reach_worklet.html:0
[    1306ms] [ERROR] Attestation check for Shared Storage on https://www.googleadservices.com failed. @ https://www.googleadservices.com/pagead/managed/js/activeview/current/reach_worklet.html:0
[    1312ms] [ERROR] Attestation check for Shared Storage on https://www.googleadservices.com failed. @ https://www.googleadservices.com/pagead/managed/js/activeview/current/reach_worklet.html:0
[    1316ms] [ERROR] Attestation check for Shared Storage on https://www.googleadservices.com failed. @ https://www.googleadservices.com/pagead/managed/js/activeview/current/reach_worklet.html:0
[    1491ms] [ERROR] Attestation check for Shared Storage on https://www.googleadservices.com failed. @ https://www.googleadservices.com/pagead/managed/js/activeview/current/reach_worklet.html:0
[    1688ms] [ERROR] Attestation check for Shared Storage on https://www.googleadservices.com failed. @ https://www.googleadservices.com/pagead/managed/js/activeview/current/reach_worklet.html:0
[    1223ms] [ERROR] Failed to load resource: net::ERR_NAME_NOT_RESOLVED @ https://sync.search.spotxchange.com/partner?adv_id=7025&uid=CAESEOArRoDAwBhy-MglSbQzphI&google_cver=1:0
[    1227ms] [ERROR] Failed to load resource: net::ERR_NAME_NOT_RESOLVED @ https://sync.search.spotxchange.com/partner?adv_id=7025&redir=https%3A%2F%2Fcm.g.doubleclick.net%2Fpixel%3Fgoogle_nid%3Dspotxchange_dbm%26google_hm%3D%24SPOTX_BASE64_USER_ID:0
[    1013ms] [ERROR] Attestation check for Shared Storage on https://www.googleadservices.com failed. @ https://www.googleadservices.com/pagead/managed/js/activeview/current/reach_worklet.html:0
[    1089ms] [ERROR] Attestation check for Shared Storage on https://www.googleadservices.com failed. @ https://www.googleadservices.com/pagead/managed/js/activeview/current/reach_worklet.html:0
[    1163ms] [ERROR] Attestation check for Shared Storage on https://www.googleadservices.com failed. @ https://www.googleadservices.com/pagead/managed/js/activeview/current/reach_worklet.html:0
[    1166ms] [ERROR] Attestation check for Shared Storage on https://www.googleadservices.com failed. @ https://www.googleadservices.com/pagead/managed/js/activeview/current/reach_worklet.html:0
[    1168ms] [ERROR] Attestation check for Shared Storage on https://www.googleadservices.com failed. @ https://www.googleadservices.com/pagead/managed/js/activeview/current/reach_worklet.html:0
[    1301ms] [ERROR] Attestation check for Shared Storage on https://www.googleadservices.com failed. @ https://www.googleadservices.com/pagead/managed/js/activeview/current/reach_worklet.html:0
[    1306ms] [ERROR] Attestation check for Shared Storage on https://www.googleadservices.com failed. @ https://www.googleadservices.com/pagead/managed/js/activeview/current/reach_worklet.html:0
[    1312ms] [ERROR] Attestation check for Shared Storage on https://www.googleadservices.com failed. @ https://www.googleadservices.com/pagead/managed/js/activeview/current/reach_worklet.html:0
[    1316ms] [ERROR] Attestation check for Shared Storage on https://www.googleadservices.com failed. @ https://www.googleadservices.com/pagead/managed/js/activeview/current/reach_worklet.html:0
[    1491ms] [ERROR] Attestation check for Shared Storage on https://www.googleadservices.com failed. @ https://www.googleadservices.com/pagead/managed/js/activeview/current/reach_worklet.html:0
[    1688ms] [ERROR] Attestation check for Shared Storage on https://www.googleadservices.com failed. @ https://www.googleadservices.com/pagead/managed/js/activeview/current/reach_worklet.html:0
[    1788ms] [ERROR] Attestation check for Shared Storage on https://www.googleadservices.com failed. @ https://www.googleadservices.com/pagead/managed/js/activeview/current/reach_worklet.html:0
[    1793ms] [ERROR] Attestation check for Shared Storage on https://www.googleadservices.com failed. @ https://www.googleadservices.com/pagead/managed/js/activeview/current/reach_worklet.html:0
[    1223ms] [ERROR] Failed to load resource: net::ERR_NAME_NOT_RESOLVED @ https://sync.search.spotxchange.com/partner?adv_id=7025&uid=CAESEOArRoDAwBhy-MglSbQzphI&google_cver=1:0
[    1227ms] [ERROR] Failed to load resource: net::ERR_NAME_NOT_RESOLVED @ https://sync.search.spotxchange.com/partner?adv_id=7025&redir=https%3A%2F%2Fcm.g.doubleclick.net%2Fpixel%3Fgoogle_nid%3Dspotxchange_dbm%26google_hm%3D%24SPOTX_BASE64_USER_ID:0
[    1223ms] [ERROR] Failed to load resource: net::ERR_NAME_NOT_RESOLVED @ https://sync.search.spotxchange.com/partner?adv_id=7025&uid=CAESEOArRoDAwBhy-MglSbQzphI&google_cver=1:0
[    1227ms] [ERROR] Failed to load resource: net::ERR_NAME_NOT_RESOLVED @ https://sync.search.spotxchange.com/partner?adv_id=7025&redir=https%3A%2F%2Fcm.g.doubleclick.net%2Fpixel%3Fgoogle_nid%3Dspotxchange_dbm%26google_hm%3D%24SPOTX_BASE64_USER_ID:0
[    1184ms] [ERROR] Failed to load resource: the server responded with a status of 400 (Bad Request) @ https://cksync.yahoo.co.jp/sspsync?ptr=12703&google_gid=CAESEL08RWrmIjBnPW6IQFZqug8&google_cver=1&google_push=AXcoOmSemgt42ZPj9ZuCnFv-gT2_kg1uXoBhsUiEfS1Unf0x95txeQmQIO3pBqJLkwB-hisD5bnvaJu1qHVmEf3SlKMPJYs-grSXEJ9DSnIUmVRDqq8N5AZKUoffFvsLqiGDsnZd5M85DJqQmRfzyvzirNou:0
[    1223ms] [ERROR] Failed to load resource: net::ERR_NAME_NOT_RESOLVED @ https://sync.search.spotxchange.com/partner?adv_id=7025&uid=CAESEOArRoDAwBhy-MglSbQzphI&google_cver=1:0
[    1227ms] [ERROR] Failed to load resource: net::ERR_NAME_NOT_RESOLVED @ https://sync.search.spotxchange.com/partner?adv_id=7025&redir=https%3A%2F%2Fcm.g.doubleclick.net%2Fpixel%3Fgoogle_nid%3Dspotxchange_dbm%26google_hm%3D%24SPOTX_BASE64_USER_ID:0
[    1223ms] [ERROR] Failed to load resource: net::ERR_NAME_NOT_RESOLVED @ https://sync.search.spotxchange.com/partner?adv_id=7025&uid=CAESEOArRoDAwBhy-MglSbQzphI&google_cver=1:0
[    1227ms] [ERROR] Failed to load resource: net::ERR_NAME_NOT_RESOLVED @ https://sync.search.spotxchange.com/partner?adv_id=7025&redir=https%3A%2F%2Fcm.g.doubleclick.net%2Fpixel%3Fgoogle_nid%3Dspotxchange_dbm%26google_hm%3D%24SPOTX_BASE64_USER_ID:0
[    1184ms] [ERROR] Failed to load resource: the server responded with a status of 400 (Bad Request) @ https://cksync.yahoo.co.jp/sspsync?ptr=12703&google_gid=CAESEL08RWrmIjBnPW6IQFZqug8&google_cver=1&google_push=AXcoOmSemgt42ZPj9ZuCnFv-gT2_kg1uXoBhsUiEfS1Unf0x95txeQmQIO3pBqJLkwB-hisD5bnvaJu1qHVmEf3SlKMPJYs-grSXEJ9DSnIUmVRDqq8N5AZKUoffFvsLqiGDsnZd5M85DJqQmRfzyvzirNou:0
[    1013ms] [ERROR] Attestation check for Shared Storage on https://www.googleadservices.com failed. @ https://www.googleadservices.com/pagead/managed/js/activeview/current/reach_worklet.html:0
[    1089ms] [ERROR] Attestation check for Shared Storage on https://www.googleadservices.com failed. @ https://www.googleadservices.com/pagead/managed/js/activeview/current/reach_worklet.html:0
[    1163ms] [ERROR] Attestation check for Shared Storage on https://www.googleadservices.com failed. @ https://www.googleadservices.com/pagead/managed/js/activeview/current/reach_worklet.html:0
[    1166ms] [ERROR] Attestation check for Shared Storage on https://www.googleadservices.com failed. @ https://www.googleadservices.com/pagead/managed/js/activeview/current/reach_worklet.html:0
[    1168ms] [ERROR] Attestation check for Shared Storage on https://www.googleadservices.com failed. @ https://www.googleadservices.com/pagead/managed/js/activeview/current/reach_worklet.html:0
[    1301ms] [ERROR] Attestation check for Shared Storage on https://www.googleadservices.com failed. @ https://www.googleadservices.com/pagead/managed/js/activeview/current/reach_worklet.html:0
[    1306ms] [ERROR] Attestation check for Shared Storage on https://www.googleadservices.com failed. @ https://www.googleadservices.com/pagead/managed/js/activeview/current/reach_worklet.html:0
[    1312ms] [ERROR] Attestation check for Shared Storage on https://www.googleadservices.com failed. @ https://www.googleadservices.com/pagead/managed/js/activeview/current/reach_worklet.html:0
[    1316ms] [ERROR] Attestation check for Shared Storage on https://www.googleadservices.com failed. @ https://www.googleadservices.com/pagead/managed/js/activeview/current/reach_worklet.html:0
[    1491ms] [ERROR] Attestation check for Shared Storage on https://www.googleadservices.com failed. @ https://www.googleadservices.com/pagead/managed/js/activeview/current/reach_worklet.html:0
[    1688ms] [ERROR] Attestation check for Shared Storage on https://www.googleadservices.com failed. @ https://www.googleadservices.com/pagead/managed/js/activeview/current/reach_worklet.html:0
[    1788ms] [ERROR] Attestation check for Shared Storage on https://www.googleadservices.com failed. @ https://www.googleadservices.com/pagead/managed/js/activeview/current/reach_worklet.html:0
[    1793ms] [ERROR] Attestation check for Shared Storage on https://www.googleadservices.com failed. @ https://www.googleadservices.com/pagead/managed/js/activeview/current/reach_worklet.html:0
[    2204ms] [ERROR] Attestation check for Shared Storage on https://www.googleadservices.com failed. @ https://www.googleadservices.com/pagead/managed/js/activeview/current/reach_worklet.html:0
[    1184ms] [ERROR] Failed to load resource: the server responded with a status of 400 (Bad Request) @ https://cksync.yahoo.co.jp/sspsync?ptr=12703&google_gid=CAESEL08RWrmIjBnPW6IQFZqug8&google_cver=1&google_push=AXcoOmSemgt42ZPj9ZuCnFv-gT2_kg1uXoBhsUiEfS1Unf0x95txeQmQIO3pBqJLkwB-hisD5bnvaJu1qHVmEf3SlKMPJYs-grSXEJ9DSnIUmVRDqq8N5AZKUoffFvsLqiGDsnZd5M85DJqQmRfzyvzirNou:0
[    1013ms] [ERROR] Attestation check for Shared Storage on https://www.googleadservices.com failed. @ https://www.googleadservices.com/pagead/managed/js/activeview/current/reach_worklet.html:0
[    1089ms] [ERROR] Attestation check for Shared Storage on https://www.googleadservices.com failed. @ https://www.googleadservices.com/pagead/managed/js/activeview/current/reach_worklet.html:0
[    1163ms] [ERROR] Attestation check for Shared Storage on https://www.googleadservices.com failed. @ https://www.googleadservices.com/pagead/managed/js/activeview/current/reach_worklet.html:0
[    1166ms] [ERROR] Attestation check for Shared Storage on https://www.googleadservices.com failed. @ https://www.googleadservices.com/pagead/managed/js/activeview/current/reach_worklet.html:0
[    1168ms] [ERROR] Attestation check for Shared Storage on https://www.googleadservices.com failed. @ https://www.googleadservices.com/pagead/managed/js/activeview/current/reach_worklet.html:0
[    1301ms] [ERROR] Attestation check for Shared Storage on https://www.googleadservices.com failed. @ https://www.googleadservices.com/pagead/managed/js/activeview/current/reach_worklet.html:0
[    1306ms] [ERROR] Attestation check for Shared Storage on https://www.googleadservices.com failed. @ https://www.googleadservices.com/pagead/managed/js/activeview/current/reach_worklet.html:0
[    1312ms] [ERROR] Attestation check for Shared Storage on https://www.googleadservices.com failed. @ https://www.googleadservices.com/pagead/managed/js/activeview/current/reach_worklet.html:0
[    1316ms] [ERROR] Attestation check for Shared Storage on https://www.googleadservices.com failed. @ https://www.googleadservices.com/pagead/managed/js/activeview/current/reach_worklet.html:0
[    1491ms] [ERROR] Attestation check for Shared Storage on https://www.googleadservices.com failed. @ https://www.googleadservices.com/pagead/managed/js/activeview/current/reach_worklet.html:0
[    1688ms] [ERROR] Attestation check for Shared Storage on https://www.googleadservices.com failed. @ https://www.googleadservices.com/pagead/managed/js/activeview/current/reach_worklet.html:0
[    1788ms] [ERROR] Attestation check for Shared Storage on https://www.googleadservices.com failed. @ https://www.googleadservices.com/pagead/managed/js/activeview/current/reach_worklet.html:0
[    1793ms] [ERROR] Attestation check for Shared Storage on https://www.googleadservices.com failed. @ https://www.googleadservices.com/pagead/managed/js/activeview/current/reach_worklet.html:0
[    2204ms] [ERROR] Attestation check for Shared Storage on https://www.googleadservices.com failed. @ https://www.googleadservices.com/pagead/managed/js/activeview/current/reach_worklet.html:0
[    2419ms] [DIR] SyntaxError @ https://js.ad-score.com/score.min.js?pid=1000942&tt=g:1
[    2508ms] [ERROR] Attestation check for Shared Storage on https://www.googleadservices.com failed. @ https://www.googleadservices.com/pagead/managed/js/activeview/current/reach_worklet.html:0
[    2629ms] [WARNING] The powerPreference option is currently ignored when calling requestAdapter() on Windows. See https://crbug.com/369219127 @ https://js.ad-score.com/score.min.js?pid=1000942&tt=g:1
[    2854ms] Failed to read a named property 'document' from 'Window': Blocked a frame with origin "https://googleads.g.doubleclick.net" from accessing a frame with origin "https://enter.etoday.co.kr". Protocols, domains, and ports must match.
[    2854ms] Failed to read a named property 'document' from 'Window': Blocked a frame with origin "https://googleads.g.doubleclick.net" from accessing a frame with origin "https://enter.etoday.co.kr". Protocols, domains, and ports must match.
[    3120ms] [TIMEEND] a: 0.0048828125 ms @ https://static.adsafeprotected.com/sca.17.6.4.js:31
[   23264ms] [ERROR] Failed to load resource: net::ERR_CONNECTION_TIMED_OUT @ https://googlecm.hit.gemius.pl/googleredir?rid=tknhntsqez&id=ndBK6L_fzwx7rssCbe8.iLes3yi8eMbF6r2JE6Xu.b7.N7&google_gid=CAESEExcMKopCs0mDvMDp8wzvT0&google_cver=1&google_push=AXcoOmTnJrSptgnRxGeiQ2PpsLwOe1SM7BoySN13aDHxL1tyJayqkag_fpL5GzFDGBEmWcjxJWeDwnpaARP_DzV3ck1NjUgygx6gVIoUssAnbIvrwhOeYXyzeDvGadHuTcsezahfkZq60QmCyhDt9JSlkUeTKOQ:0
