[     447ms] [LOG] WARN: Resolve v11 routing, livereSeq:22094 @ https://cdn-city.livere.com/js/embed.dist.js:1
[     448ms] [LOG] WARN: livereHooks bridge: registered 8 event mappings @ https://cdn-city.livere.com/js/embed.dist.js:1
[     596ms] [LOG] {sud: true, category: , sendbody: n} @ https://js.ad4989.co.kr/common/js/tend.js:465
[     880ms] [WARNING] [GPT] PubAdsService.enableSingleRequest is deprecated, use googletag.setConfig({singleRequest: ...}) instead.
https://goo.gle/gpt-message#170 @ https://securepubads.g.doubleclick.net/pagead/managed/js/gpt/m202608060101/pubads_impl.js?cb=122880269:18
[     921ms] [ERROR] Failed to load resource: net::ERR_NAME_NOT_RESOLVED @ https://dable-api.scupio.com/dable/v1/exc/?did=62894499.1786417508112:0
[    1163ms] [WARNING] Mixed Content: The page at 'https://api.dable.io/widgets/id/M7NAbeob/users/72709703.1786417508115?from=https%3A%2F%2Fenter.etoday.co.kr%2Fnews%2Fview%2F300886&url=https%3A%2F%2Fenter.etoday.co.kr%2Fnews%2Fview%2F300886&ref=&cid=72709703.1786417508115&uid=72709703.1786417508115&site=enter.etoday.co.kr&gdpr=0&service_id=280&service_type=news&country=KR&client_id=93&lazyload_widget_ids=M7NAvWob&randomStr=7c455ee3-ee9d-4e21-960a-3c020fa64cbd&id=dablewidget_M7NAbeob&category1=%EC%97%94%ED%84%B0&author=%ED%99%8D%EC%84%A0%ED%99%94&item_id=300886&item_pub_date=2026-08-11T09%3A22%3A17%2B09%3A00&pixel_ratio=1&ua=Mozilla%2F5.0%20(Windows%20NT%2010.0%3B%20Win64%3B%20x64)%20AppleWebKit%2F537.36%20(KHTML%2C%20like%20Gecko)%20Chrome%2F151.0.7922.109%20Safari%2F537.36&client_width=700&network=non-wifi&lang=ko&is_top_win=1&top_win_accessible=1&is_lazyload=0' was loaded over HTTPS, but requested an insecure element 'http://enter.etoday.co.kr/images/ico_all.gif'. This request was automatically upgraded to HTTPS, For more information see https://blog.chromium.org/2019/10/no-more-mixed-messages-about-https.html @ https://api.dable.io/widgets/id/M7NAbeob/users/72709703.1786417508115?from=https%3A%2F%2Fenter.etoday.co.kr%2Fnews%2Fview%2F300886&url=https%3A%2F%2Fenter.etoday.co.kr%2Fnews%2Fview%2F300886&ref=&cid=72709703.1786417508115&uid=72709703.1786417508115&site=enter.etoday.co.kr&gdpr=0&service_id=280&service_type=news&country=KR&client_id=93&lazyload_widget_ids=M7NAvWob&randomStr=7c455ee3-ee9d-4e21-960a-3c020fa64cbd&id=dablewidget_M7NAbeob&category1=%EC%97%94%ED%84%B0&author=%ED%99%8D%EC%84%A0%ED%99%94&item_id=300886&item_pub_date=2026-08-11T09%3A22%3A17%2B09%3A00&pixel_ratio=1&ua=Mozilla%2F5.0%20(Windows%20NT%2010.0%3B%20Win64%3B%20x64)%20AppleWebKit%2F537.36%20(KHTML%2C%20like%20Gecko)%20Chrome%2F151.0.7922.109%20Safari%2F537.36&client_width=700&network=non-wifi&lang=ko&is_top_win=1&top_win_accessible=1&is_lazyload=0:0
[    1373ms] [WARNING] [ad-fit-web] 광고 스크립트 주소가 변경되었습니다: `https://t1.daumcdn.net/kas/static/ba.min.js`. @ https://t1.daumcdn.net/adfit/static/ad.min.js:0
[    1470ms] [WARNING] The googletag.pubads().definePassback function has been deprecated. The function may break in certain contexts, see https://developers.google.com/publisher-tag/guides/passback-tags#construct_passback_tags for how to correctly create a passback. @ https://securepubads.g.doubleclick.net/pagead/managed/js/gpt/m202608060101/pubads_impl.js?cb=122880269:18
[    1606ms] [WARNING] The googletag.pubads().definePassback function has been deprecated. The function may break in certain contexts, see https://developers.google.com/publisher-tag/guides/passback-tags#construct_passback_tags for how to correctly create a passback. @ https://securepubads.g.doubleclick.net/pagead/managed/js/gpt/m202608060101/pubads_impl.js?cb=122880269:18
[    1684ms] [WARNING] The googletag.pubads().definePassback function has been deprecated. The function may break in certain contexts, see https://developers.google.com/publisher-tag/guides/passback-tags#construct_passback_tags for how to correctly create a passback. @ https://securepubads.g.doubleclick.net/pagead/managed/js/gpt/m202608060101/pubads_impl.js?cb=122880269:18
[    1688ms] [ERROR] Attestation check for Shared Storage on https://www.googleadservices.com failed. @ https://www.googleadservices.com/pagead/managed/js/activeview/current/reach_worklet.html:0
[    1695ms] [ERROR] Attestation check for Shared Storage on https://www.googleadservices.com failed. @ https://www.googleadservices.com/pagead/managed/js/activeview/current/reach_worklet.html:0
[    1688ms] [ERROR] Attestation check for Shared Storage on https://www.googleadservices.com failed. @ https://www.googleadservices.com/pagead/managed/js/activeview/current/reach_worklet.html:0
[    1695ms] [ERROR] Attestation check for Shared Storage on https://www.googleadservices.com failed. @ https://www.googleadservices.com/pagead/managed/js/activeview/current/reach_worklet.html:0
[    1707ms] [ERROR] Attestation check for Shared Storage on https://www.googleadservices.com failed. @ https://www.googleadservices.com/pagead/managed/js/activeview/current/reach_worklet.html:0
[    1716ms] [WARNING] You are using deprecated show_ads.js script to display AdSense ads. To improve performance of your ads switch to the modern adsbygoogle.js script. See instructions on https://support.google.com/adsense/answer/9190028. @ https://pagead2.googlesyndication.com/pagead/show_ads.js:52
[    1738ms] [ERROR] Attestation check for Shared Storage on https://www.googleadservices.com failed. @ https://www.googleadservices.com/pagead/managed/js/activeview/current/reach_worklet.html:0
[    1741ms] [WARNING] [ad-fit-web] 광고 Markup 영역의 클레스 이름을 바꿔주세요: daum_ddn_area -> kakao_ad_area @ https://t1.daumcdn.net/kas/static/ba.min.js:1
[    1752ms] [ERROR] Attestation check for Shared Storage on https://www.googleadservices.com failed. @ https://www.googleadservices.com/pagead/managed/js/activeview/current/reach_worklet.html:0
[    1758ms] [ERROR] Attestation check for Shared Storage on https://www.googleadservices.com failed. @ https://www.googleadservices.com/pagead/managed/js/activeview/current/reach_worklet.html:0
[    1762ms] [ERROR] Attestation check for Shared Storage on https://www.googleadservices.com failed. @ https://www.googleadservices.com/pagead/managed/js/activeview/current/reach_worklet.html:0
[    1688ms] [ERROR] Attestation check for Shared Storage on https://www.googleadservices.com failed. @ https://www.googleadservices.com/pagead/managed/js/activeview/current/reach_worklet.html:0
[    1695ms] [ERROR] Attestation check for Shared Storage on https://www.googleadservices.com failed. @ https://www.googleadservices.com/pagead/managed/js/activeview/current/reach_worklet.html:0
[    1707ms] [ERROR] Attestation check for Shared Storage on https://www.googleadservices.com failed. @ https://www.googleadservices.com/pagead/managed/js/activeview/current/reach_worklet.html:0
[    1738ms] [ERROR] Attestation check for Shared Storage on https://www.googleadservices.com failed. @ https://www.googleadservices.com/pagead/managed/js/activeview/current/reach_worklet.html:0
[    1752ms] [ERROR] Attestation check for Shared Storage on https://www.googleadservices.com failed. @ https://www.googleadservices.com/pagead/managed/js/activeview/current/reach_worklet.html:0
[    1758ms] [ERROR] Attestation check for Shared Storage on https://www.googleadservices.com failed. @ https://www.googleadservices.com/pagead/managed/js/activeview/current/reach_worklet.html:0
[    1762ms] [ERROR] Attestation check for Shared Storage on https://www.googleadservices.com failed. @ https://www.googleadservices.com/pagead/managed/js/activeview/current/reach_worklet.html:0
[    1772ms] [ERROR] Attestation check for Shared Storage on https://www.googleadservices.com failed. @ https://www.googleadservices.com/pagead/managed/js/activeview/current/reach_worklet.html:0
[    1779ms] [ERROR] Attestation check for Shared Storage on https://www.googleadservices.com failed. @ https://www.googleadservices.com/pagead/managed/js/activeview/current/reach_worklet.html:0
[    1782ms] [ERROR] Attestation check for Shared Storage on https://www.googleadservices.com failed. @ https://www.googleadservices.com/pagead/managed/js/activeview/current/reach_worklet.html:0
[    1784ms] [ERROR] Attestation check for Shared Storage on https://www.googleadservices.com failed. @ https://www.googleadservices.com/pagead/managed/js/activeview/current/reach_worklet.html:0
[    1792ms] [WARNING] [ad-fit-web] 광고 스크립트 주소가 변경되었습니다: `https://t1.daumcdn.net/kas/static/ba.min.js`. @ https://t1.daumcdn.net/adfit/static/ad.min.js:0
[    1793ms] [ERROR] Mixed Content: The page at 'https://enter.etoday.co.kr/news/view/300886' was loaded over HTTPS, but requested an insecure script 'http://pagead2.googlesyndication.com/pagead/show_ads.js'. This request has been blocked; the content must be served over HTTPS. @ https://securepubads.g.doubleclick.net/pagead/managed/js/gpt/m202608060101/pubads_impl.js?cb=122880269:18
[    1817ms] [ERROR] Attestation check for Shared Storage on https://www.googleadservices.com failed. @ https://www.googleadservices.com/pagead/managed/js/activeview/current/reach_worklet.html:0
[    2001ms] [WARNING] [ad-fit-web] 광고 Markup 영역의 클레스 이름을 바꿔주세요: daum_ddn_area -> kakao_ad_area @ https://t1.daumcdn.net/kas/static/ba.min.js:1
[    2039ms] [LOG] Polite loading scripts @ https://s0.2mdn.net/sadbundle/3094749217740977086/js/banner.js:10
[    2101ms] [ERROR] Attestation check for Attribution Reporting on https://ad.doubleclick.net failed. @ https://enter.etoday.co.kr/news/view/300886:0
[    2105ms] [ERROR] Attestation check for Attribution Reporting on https://ad.doubleclick.net failed. @ https://enter.etoday.co.kr/news/view/300886:0
[    2118ms] [LOG] Polite loading scripts @ https://s0.2mdn.net/sadbundle/3094749217740977086/js/banner.js:10
[    1688ms] [ERROR] Attestation check for Shared Storage on https://www.googleadservices.com failed. @ https://www.googleadservices.com/pagead/managed/js/activeview/current/reach_worklet.html:0
[    1695ms] [ERROR] Attestation check for Shared Storage on https://www.googleadservices.com failed. @ https://www.googleadservices.com/pagead/managed/js/activeview/current/reach_worklet.html:0
[    1707ms] [ERROR] Attestation check for Shared Storage on https://www.googleadservices.com failed. @ https://www.googleadservices.com/pagead/managed/js/activeview/current/reach_worklet.html:0
[    1738ms] [ERROR] Attestation check for Shared Storage on https://www.googleadservices.com failed. @ https://www.googleadservices.com/pagead/managed/js/activeview/current/reach_worklet.html:0
[    1752ms] [ERROR] Attestation check for Shared Storage on https://www.googleadservices.com failed. @ https://www.googleadservices.com/pagead/managed/js/activeview/current/reach_worklet.html:0
[    1758ms] [ERROR] Attestation check for Shared Storage on https://www.googleadservices.com failed. @ https://www.googleadservices.com/pagead/managed/js/activeview/current/reach_worklet.html:0
[    1762ms] [ERROR] Attestation check for Shared Storage on https://www.googleadservices.com failed. @ https://www.googleadservices.com/pagead/managed/js/activeview/current/reach_worklet.html:0
[    1772ms] [ERROR] Attestation check for Shared Storage on https://www.googleadservices.com failed. @ https://www.googleadservices.com/pagead/managed/js/activeview/current/reach_worklet.html:0
[    1779ms] [ERROR] Attestation check for Shared Storage on https://www.googleadservices.com failed. @ https://www.googleadservices.com/pagead/managed/js/activeview/current/reach_worklet.html:0
[    1782ms] [ERROR] Attestation check for Shared Storage on https://www.googleadservices.com failed. @ https://www.googleadservices.com/pagead/managed/js/activeview/current/reach_worklet.html:0
[    1784ms] [ERROR] Attestation check for Shared Storage on https://www.googleadservices.com failed. @ https://www.googleadservices.com/pagead/managed/js/activeview/current/reach_worklet.html:0
[    1817ms] [ERROR] Attestation check for Shared Storage on https://www.googleadservices.com failed. @ https://www.googleadservices.com/pagead/managed/js/activeview/current/reach_worklet.html:0
[    1688ms] [ERROR] Attestation check for Shared Storage on https://www.googleadservices.com failed. @ https://www.googleadservices.com/pagead/managed/js/activeview/current/reach_worklet.html:0
[    1695ms] [ERROR] Attestation check for Shared Storage on https://www.googleadservices.com failed. @ https://www.googleadservices.com/pagead/managed/js/activeview/current/reach_worklet.html:0
[    1707ms] [ERROR] Attestation check for Shared Storage on https://www.googleadservices.com failed. @ https://www.googleadservices.com/pagead/managed/js/activeview/current/reach_worklet.html:0
[    1738ms] [ERROR] Attestation check for Shared Storage on https://www.googleadservices.com failed. @ https://www.googleadservices.com/pagead/managed/js/activeview/current/reach_worklet.html:0
[    1752ms] [ERROR] Attestation check for Shared Storage on https://www.googleadservices.com failed. @ https://www.googleadservices.com/pagead/managed/js/activeview/current/reach_worklet.html:0
[    1758ms] [ERROR] Attestation check for Shared Storage on https://www.googleadservices.com failed. @ https://www.googleadservices.com/pagead/managed/js/activeview/current/reach_worklet.html:0
[    1762ms] [ERROR] Attestation check for Shared Storage on https://www.googleadservices.com failed. @ https://www.googleadservices.com/pagead/managed/js/activeview/current/reach_worklet.html:0
[    1772ms] [ERROR] Attestation check for Shared Storage on https://www.googleadservices.com failed. @ https://www.googleadservices.com/pagead/managed/js/activeview/current/reach_worklet.html:0
[    1779ms] [ERROR] Attestation check for Shared Storage on https://www.googleadservices.com failed. @ https://www.googleadservices.com/pagead/managed/js/activeview/current/reach_worklet.html:0
[    1782ms] [ERROR] Attestation check for Shared Storage on https://www.googleadservices.com failed. @ https://www.googleadservices.com/pagead/managed/js/activeview/current/reach_worklet.html:0
[    1784ms] [ERROR] Attestation check for Shared Storage on https://www.googleadservices.com failed. @ https://www.googleadservices.com/pagead/managed/js/activeview/current/reach_worklet.html:0
[    1817ms] [ERROR] Attestation check for Shared Storage on https://www.googleadservices.com failed. @ https://www.googleadservices.com/pagead/managed/js/activeview/current/reach_worklet.html:0
[    1688ms] [ERROR] Attestation check for Shared Storage on https://www.googleadservices.com failed. @ https://www.googleadservices.com/pagead/managed/js/activeview/current/reach_worklet.html:0
[    1695ms] [ERROR] Attestation check for Shared Storage on https://www.googleadservices.com failed. @ https://www.googleadservices.com/pagead/managed/js/activeview/current/reach_worklet.html:0
[    1707ms] [ERROR] Attestation check for Shared Storage on https://www.googleadservices.com failed. @ https://www.googleadservices.com/pagead/managed/js/activeview/current/reach_worklet.html:0
[    1738ms] [ERROR] Attestation check for Shared Storage on https://www.googleadservices.com failed. @ https://www.googleadservices.com/pagead/managed/js/activeview/current/reach_worklet.html:0
[    1752ms] [ERROR] Attestation check for Shared Storage on https://www.googleadservices.com failed. @ https://www.googleadservices.com/pagead/managed/js/activeview/current/reach_worklet.html:0
[    1758ms] [ERROR] Attestation check for Shared Storage on https://www.googleadservices.com failed. @ https://www.googleadservices.com/pagead/managed/js/activeview/current/reach_worklet.html:0
[    1762ms] [ERROR] Attestation check for Shared Storage on https://www.googleadservices.com failed. @ https://www.googleadservices.com/pagead/managed/js/activeview/current/reach_worklet.html:0
[    1772ms] [ERROR] Attestation check for Shared Storage on https://www.googleadservices.com failed. @ https://www.googleadservices.com/pagead/managed/js/activeview/current/reach_worklet.html:0
[    1779ms] [ERROR] Attestation check for Shared Storage on https://www.googleadservices.com failed. @ https://www.googleadservices.com/pagead/managed/js/activeview/current/reach_worklet.html:0
[    1782ms] [ERROR] Attestation check for Shared Storage on https://www.googleadservices.com failed. @ https://www.googleadservices.com/pagead/managed/js/activeview/current/reach_worklet.html:0
[    1784ms] [ERROR] Attestation check for Shared Storage on https://www.googleadservices.com failed. @ https://www.googleadservices.com/pagead/managed/js/activeview/current/reach_worklet.html:0
[    1817ms] [ERROR] Attestation check for Shared Storage on https://www.googleadservices.com failed. @ https://www.googleadservices.com/pagead/managed/js/activeview/current/reach_worklet.html:0
[    2431ms] [ERROR] Attestation check for Shared Storage on https://www.googleadservices.com failed. @ https://www.googleadservices.com/pagead/managed/js/activeview/current/reach_worklet.html:0
[    2480ms] [ERROR] Attestation check for Shared Storage on https://www.googleadservices.com failed. @ https://www.googleadservices.com/pagead/managed/js/activeview/current/reach_worklet.html:0
[    2529ms] [ERROR] Attestation check for Shared Storage on https://www.googleadservices.com failed. @ https://www.googleadservices.com/pagead/managed/js/activeview/current/reach_worklet.html:0
[    1688ms] [ERROR] Attestation check for Shared Storage on https://www.googleadservices.com failed. @ https://www.googleadservices.com/pagead/managed/js/activeview/current/reach_worklet.html:0
[    1695ms] [ERROR] Attestation check for Shared Storage on https://www.googleadservices.com failed. @ https://www.googleadservices.com/pagead/managed/js/activeview/current/reach_worklet.html:0
[    1707ms] [ERROR] Attestation check for Shared Storage on https://www.googleadservices.com failed. @ https://www.googleadservices.com/pagead/managed/js/activeview/current/reach_worklet.html:0
[    1738ms] [ERROR] Attestation check for Shared Storage on https://www.googleadservices.com failed. @ https://www.googleadservices.com/pagead/managed/js/activeview/current/reach_worklet.html:0
[    1752ms] [ERROR] Attestation check for Shared Storage on https://www.googleadservices.com failed. @ https://www.googleadservices.com/pagead/managed/js/activeview/current/reach_worklet.html:0
[    1758ms] [ERROR] Attestation check for Shared Storage on https://www.googleadservices.com failed. @ https://www.googleadservices.com/pagead/managed/js/activeview/current/reach_worklet.html:0
[    1762ms] [ERROR] Attestation check for Shared Storage on https://www.googleadservices.com failed. @ https://www.googleadservices.com/pagead/managed/js/activeview/current/reach_worklet.html:0
[    1772ms] [ERROR] Attestation check for Shared Storage on https://www.googleadservices.com failed. @ https://www.googleadservices.com/pagead/managed/js/activeview/current/reach_worklet.html:0
[    1779ms] [ERROR] Attestation check for Shared Storage on https://www.googleadservices.com failed. @ https://www.googleadservices.com/pagead/managed/js/activeview/current/reach_worklet.html:0
[    1782ms] [ERROR] Attestation check for Shared Storage on https://www.googleadservices.com failed. @ https://www.googleadservices.com/pagead/managed/js/activeview/current/reach_worklet.html:0
[    1784ms] [ERROR] Attestation check for Shared Storage on https://www.googleadservices.com failed. @ https://www.googleadservices.com/pagead/managed/js/activeview/current/reach_worklet.html:0
[    1817ms] [ERROR] Attestation check for Shared Storage on https://www.googleadservices.com failed. @ https://www.googleadservices.com/pagead/managed/js/activeview/current/reach_worklet.html:0
[    2431ms] [ERROR] Attestation check for Shared Storage on https://www.googleadservices.com failed. @ https://www.googleadservices.com/pagead/managed/js/activeview/current/reach_worklet.html:0
[    2480ms] [ERROR] Attestation check for Shared Storage on https://www.googleadservices.com failed. @ https://www.googleadservices.com/pagead/managed/js/activeview/current/reach_worklet.html:0
[    2529ms] [ERROR] Attestation check for Shared Storage on https://www.googleadservices.com failed. @ https://www.googleadservices.com/pagead/managed/js/activeview/current/reach_worklet.html:0
[    2604ms] [ERROR] Attestation check for Shared Storage on https://www.googleadservices.com failed. @ https://www.googleadservices.com/pagead/managed/js/activeview/current/reach_worklet.html:0
[    2853ms] [ERROR] Attestation check for Attribution Reporting on https://ad.doubleclick.net failed. @ https://enter.etoday.co.kr/news/view/300886:0
[    2887ms] [ERROR] Attestation check for Attribution Reporting on https://ad.doubleclick.net failed. @ https://enter.etoday.co.kr/news/view/300886:0
