[     584ms] [LOG] UUID Script loaded successfully @ https://cdn.messagehub.click/media/notifications.js:57
[     650ms] ReferenceError: Piclick is not defined
    at https://www.stardailynews.co.kr/news/articleView.html?idxno=545523:1105:16
[     650ms] [ERROR] Mixed Content: The page at 'https://www.stardailynews.co.kr/news/articleView.html?idxno=545523' was loaded over HTTPS, but requested an insecure script 'http://marketingking.co.kr/pr/ad.js'. This request has been blocked; the content must be served over HTTPS. @ https://www.stardailynews.co.kr/news/articleView.html?idxno=545523:0
[     650ms] [ERROR] Mixed Content: The page at 'https://www.stardailynews.co.kr/news/articleView.html?idxno=545523' was loaded over HTTPS, but requested an insecure script 'http://adimg.wisenut.co.kr/common/js/amc/wiseAdSvc.pj?code=ec13ed15a27b27991a2d164711e39405'. This request has been blocked; the content must be served over HTTPS. @ https://www.stardailynews.co.kr/news/articleView.html?idxno=545523:0
[     777ms] [LOG] Notification.permission client: default @ https://cdn.messagehub.click/media/notifications.js:63
[     854ms] [LOG] {sud: true, category: , sendbody: y} @ https://js.ad4989.co.kr/common/js/tend.js:458
[     952ms] Uncaught Error: ga
    at ph (https://translate.googleapis.com/_/translate_http/_/js/k=translate_http.tr.ko.8DGg4vZXQq8.O/am=BESFAw/d=1/ed=1/rs=AN8SPfoXdtDiC954xMvIGmoFqI7_rfjxCA/m=el_main:175:212)
    at oh (https://translate.googleapis.com/_/translate_http/_/js/k=translate_http.tr.ko.8DGg4vZXQq8.O/am=BESFAw/d=1/ed=1/rs=AN8SPfoXdtDiC954xMvIGmoFqI7_rfjxCA/m=el_main:174:215)
    at _.I (https://translate.googleapis.com/_/translate_http/_/js/k=translate_http.tr.ko.8DGg4vZXQq8.O/am=BESFAw/d=1/ed=1/rs=AN8SPfoXdtDiC954xMvIGmoFqI7_rfjxCA/m=el_main:173:27)
    at nq (https://translate.googleapis.com/_/translate_http/_/js/k=translate_http.tr.ko.8DGg4vZXQq8.O/am=BESFAw/d=1/ed=1/rs=AN8SPfoXdtDiC954xMvIGmoFqI7_rfjxCA/m=el_main:332:552)
    at <anonymous> (https://translate.googleapis.com/_/translate_http/_/js/k=translate_http.tr.ko.8DGg4vZXQq8.O/am=BESFAw/d=1/ed=1/rs=AN8SPfoXdtDiC954xMvIGmoFqI7_rfjxCA/m=el_main:564:184)
    at <anonymous> (https://translate.googleapis.com/_/translate_http/_/js/k=translate_http.tr.ko.8DGg4vZXQq8.O/am=BESFAw/d=1/ed=1/rs=AN8SPfoXdtDiC954xMvIGmoFqI7_rfjxCA/m=el_main:569:3)
[    1133ms] [LOG] requestNotificationPermission @ https://cdn.messagehub.click/media/push-notifications.js?_=1786417566679:90
[    1133ms] [LOG] navigator @ https://cdn.messagehub.click/media/push-notifications.js?_=1786417566679:126
[    1133ms] [LOG] Navigator @ https://cdn.messagehub.click/media/push-notifications.js?_=1786417566679:127
[    1134ms] [LOG] requestNotificationPermission::Service Worker in navigator @ https://cdn.messagehub.click/media/push-notifications.js?_=1786417566679:134
[    1134ms] [LOG] MyPushNotification::vapidPublicKey: BPbBiXFOvp9GhppjXKPVhPgdZO6n7jMBHD7VwquBlHDdITYOTXuYCjq7NWiGTQ7sbYu1MvOI4PzC7FsFlGtqbfw @ https://cdn.messagehub.click/media/push-notifications.js?_=1786417566679:355
[    1134ms] [LOG] MyPushNotification::serviceWorkerPath: /sw.js?baseUrl=https://api.messagehub.click&_=1786417566679 @ https://cdn.messagehub.click/media/push-notifications.js?_=1786417566679:358
[    1134ms] [LOG] MyPushNotification::options.serviceWorkerPath: /sw.js?baseUrl=https://api.messagehub.click&_=1786417566679 @ https://cdn.messagehub.click/media/push-notifications.js?_=1786417566679:361
[    1134ms] [LOG] MyPushNotification::userUUID: 1662a1e6-e012-4ee9-ab8b-01c4ef83809f @ https://cdn.messagehub.click/media/push-notifications.js?_=1786417566679:365
[    1134ms] [LOG] MyPushNotification::cookies: _fwb=41i3dhLh6ZEUoN1RWpFFny.1786417566256; wcs_bt=undefined:1786417566 @ https://cdn.messagehub.click/media/push-notifications.js?_=1786417566679:366
[    1154ms] [LOG] Service Worker registration: ServiceWorkerRegistration @ https://cdn.messagehub.click/media/push-notifications.js?_=1786417566679:158
[    1154ms] [LOG] Service Worker update: @ https://cdn.messagehub.click/media/push-notifications.js?_=1786417566679:161
[    1156ms] [LOG] Content is now available offline! @ https://cdn.messagehub.click/media/push-notifications.js?_=1786417566679:172
[    1156ms] [LOG] subscribeUserToPush::Notification.requestPermission. @ https://cdn.messagehub.click/media/push-notifications.js?_=1786417566679:182
[    1810ms] [WARNING] adgb - not initialized. @ https://cdn.taboola.com/libtrc/stardailynews/loader.js:0
[    1887ms] [ERROR] Attestation check for Shared Storage on https://www.googleadservices.com failed. @ https://www.googleadservices.com/pagead/managed/js/activeview/current/reach_worklet.html:0
[    1895ms] [ERROR] Attestation check for Shared Storage on https://www.googleadservices.com failed. @ https://www.googleadservices.com/pagead/managed/js/activeview/current/reach_worklet.html:0
[    1899ms] [ERROR] Attestation check for Shared Storage on https://www.googleadservices.com failed. @ https://www.googleadservices.com/pagead/managed/js/activeview/current/reach_worklet.html:0
[    3917ms] [LOG] {sud: true, category: , sendbody: n} @ https://js.ad4989.co.kr/common/js/tend.js:465
[   10947ms] Uncaught RangeError: Maximum call stack size exceeded
    at _.Si (https://translate.googleapis.com/_/translate_http/_/js/k=translate_http.tr.ko.8DGg4vZXQq8.O/am=BESFAw/d=1/ed=1/rs=AN8SPfoXdtDiC954xMvIGmoFqI7_rfjxCA/m=el_main:0:0)
    at _.L (https://translate.googleapis.com/_/translate_http/_/js/k=translate_http.tr.ko.8DGg4vZXQq8.O/am=BESFAw/d=1/ed=1/rs=AN8SPfoXdtDiC954xMvIGmoFqI7_rfjxCA/m=el_main:0:0)
    at Gk (https://translate.googleapis.com/_/translate_http/_/js/k=translate_http.tr.ko.8DGg4vZXQq8.O/am=BESFAw/d=1/ed=1/rs=AN8SPfoXdtDiC954xMvIGmoFqI7_rfjxCA/m=el_main:0:0)
    at Ik (https://translate.googleapis.com/_/translate_http/_/js/k=translate_http.tr.ko.8DGg4vZXQq8.O/am=BESFAw/d=1/ed=1/rs=AN8SPfoXdtDiC954xMvIGmoFqI7_rfjxCA/m=el_main:0:0)
    at Gk (https://translate.googleapis.com/_/translate_http/_/js/k=translate_http.tr.ko.8DGg4vZXQq8.O/am=BESFAw/d=1/ed=1/rs=AN8SPfoXdtDiC954xMvIGmoFqI7_rfjxCA/m=el_main:0:0)
    at Ik (https://translate.googleapis.com/_/translate_http/_/js/k=translate_http.tr.ko.8DGg4vZXQq8.O/am=BESFAw/d=1/ed=1/rs=AN8SPfoXdtDiC954xMvIGmoFqI7_rfjxCA/m=el_main:0:0)
    at Gk (https://translate.googleapis.com/_/translate_http/_/js/k=translate_http.tr.ko.8DGg4vZXQq8.O/am=BESFAw/d=1/ed=1/rs=AN8SPfoXdtDiC954xMvIGmoFqI7_rfjxCA/m=el_main:0:0)
    at Ik (https://translate.googleapis.com/_/translate_http/_/js/k=translate_http.tr.ko.8DGg4vZXQq8.O/am=BESFAw/d=1/ed=1/rs=AN8SPfoXdtDiC954xMvIGmoFqI7_rfjxCA/m=el_main:0:0)
    at Gk (https://translate.googleapis.com/_/translate_http/_/js/k=translate_http.tr.ko.8DGg4vZXQq8.O/am=BESFAw/d=1/ed=1/rs=AN8SPfoXdtDiC954xMvIGmoFqI7_rfjxCA/m=el_main:0:0)
    at Ik (https://translate.googleapis.com/_/translate_http/_/js/k=translate_http.tr.ko.8DGg4vZXQq8.O/am=BESFAw/d=1/ed=1/rs=AN8SPfoXdtDiC954xMvIGmoFqI7_rfjxCA/m=el_main:0:0)
    at Gk (https://translate.googleapis.com/_/translate_http/_/js/k=translate_http.tr.ko.8DGg4vZXQq8.O/am=BESFAw/d=1/ed=1/rs=AN8SPfoXdtDiC954xMvIGmoFqI7_rfjxCA/m=el_main:0:0)
    at Ik (https://translate.googleapis.com/_/translate_http/_/js/k=translate_http.tr.ko.8DGg4vZXQq8.O/am=BESFAw/d=1/ed=1/rs=AN8SPfoXdtDiC954xMvIGmoFqI7_rfjxCA/m=el_main:0:0)
    at Gk (https://translate.googleapis.com/_/translate_http/_/js/k=translate_http.tr.ko.8DGg4vZXQq8.O/am=BESFAw/d=1/ed=1/rs=AN8SPfoXdtDiC954xMvIGmoFqI7_rfjxCA/m=el_main:0:0)
    at Ik (https://translate.googleapis.com/_/translate_http/_/js/k=translate_http.tr.ko.8DGg4vZXQq8.O/am=BESFAw/d=1/ed=1/rs=AN8SPfoXdtDiC954xMvIGmoFqI7_rfjxCA/m=el_main:0:0)
    at Gk (https://translate.googleapis.com/_/translate_http/_/js/k=translate_http.tr.ko.8DGg4vZXQq8.O/am=BESFAw/d=1/ed=1/rs=AN8SPfoXdtDiC954xMvIGmoFqI7_rfjxCA/m=el_main:0:0)
    at Ik (https://translate.googleapis.com/_/translate_http/_/js/k=translate_http.tr.ko.8DGg4vZXQq8.O/am=BESFAw/d=1/ed=1/rs=AN8SPfoXdtDiC954xMvIGmoFqI7_rfjxCA/m=el_main:0:0)
    at Gk (https://translate.googleapis.com/_/translate_http/_/js/k=translate_http.tr.ko.8DGg4vZXQq8.O/am=BESFAw/d=1/ed=1/rs=AN8SPfoXdtDiC954xMvIGmoFqI7_rfjxCA/m=el_main:0:0)
    at Ik (https://translate.googleapis.com/_/translate_http/_/js/k=translate_http.tr.ko.8DGg4vZXQq8.O/am=BESFAw/d=1/ed=1/rs=AN8SPfoXdtDiC954xMvIGmoFqI7_rfjxCA/m=el_main:0:0)
    at Gk (https://translate.googleapis.com/_/translate_http/_/js/k=translate_http.tr.ko.8DGg4vZXQq8.O/am=BESFAw/d=1/ed=1/rs=AN8SPfoXdtDiC954xMvIGmoFqI7_rfjxCA/m=el_main:0:0)
    at Ik (https://translate.googleapis.com/_/translate_http/_/js/k=translate_http.tr.ko.8DGg4vZXQq8.O/am=BESFAw/d=1/ed=1/rs=AN8SPfoXdtDiC954xMvIGmoFqI7_rfjxCA/m=el_main:0:0)
    at Gk (https://translate.googleapis.com/_/translate_http/_/js/k=translate_http.tr.ko.8DGg4vZXQq8.O/am=BESFAw/d=1/ed=1/rs=AN8SPfoXdtDiC954xMvIGmoFqI7_rfjxCA/m=el_main:0:0)
    at Ik (https://translate.googleapis.com/_/translate_http/_/js/k=translate_http.tr.ko.8DGg4vZXQq8.O/am=BESFAw/d=1/ed=1/rs=AN8SPfoXdtDiC954xMvIGmoFqI7_rfjxCA/m=el_main:0:0)
    at Gk (https://translate.googleapis.com/_/translate_http/_/js/k=translate_http.tr.ko.8DGg4vZXQq8.O/am=BESFAw/d=1/ed=1/rs=AN8SPfoXdtDiC954xMvIGmoFqI7_rfjxCA/m=el_main:0:0)
    at Ik (https://translate.googleapis.com/_/translate_http/_/js/k=translate_http.tr.ko.8DGg4vZXQq8.O/am=BESFAw/d=1/ed=1/rs=AN8SPfoXdtDiC954xMvIGmoFqI7_rfjxCA/m=el_main:0:0)
    at Gk (https://translate.googleapis.com/_/translate_http/_/js/k=translate_http.tr.ko.8DGg4vZXQq8.O/am=BESFAw/d=1/ed=1/rs=AN8SPfoXdtDiC954xMvIGmoFqI7_rfjxCA/m=el_main:0:0)
    at Ik (https://translate.googleapis.com/_/translate_http/_/js/k=translate_http.tr.ko.8DGg4vZXQq8.O/am=BESFAw/d=1/ed=1/rs=AN8SPfoXdtDiC954xMvIGmoFqI7_rfjxCA/m=el_main:0:0)
    at Gk (https://translate.googleapis.com/_/translate_http/_/js/k=translate_http.tr.ko.8DGg4vZXQq8.O/am=BESFAw/d=1/ed=1/rs=AN8SPfoXdtDiC954xMvIGmoFqI7_rfjxCA/m=el_main:0:0)
    at Ik (https://translate.googleapis.com/_/translate_http/_/js/k=translate_http.tr.ko.8DGg4vZXQq8.O/am=BESFAw/d=1/ed=1/rs=AN8SPfoXdtDiC954xMvIGmoFqI7_rfjxCA/m=el_main:0:0)
    at Gk (https://translate.googleapis.com/_/translate_http/_/js/k=translate_http.tr.ko.8DGg4vZXQq8.O/am=BESFAw/d=1/ed=1/rs=AN8SPfoXdtDiC954xMvIGmoFqI7_rfjxCA/m=el_main:0:0)
    at Ik (https://translate.googleapis.com/_/translate_http/_/js/k=translate_http.tr.ko.8DGg4vZXQq8.O/am=BESFAw/d=1/ed=1/rs=AN8SPfoXdtDiC954xMvIGmoFqI7_rfjxCA/m=el_main:0:0)
    at Gk (https://translate.googleapis.com/_/translate_http/_/js/k=translate_http.tr.ko.8DGg4vZXQq8.O/am=BESFAw/d=1/ed=1/rs=AN8SPfoXdtDiC954xMvIGmoFqI7_rfjxCA/m=el_main:0:0)
    at Ik (https://translate.googleapis.com/_/translate_http/_/js/k=translate_http.tr.ko.8DGg4vZXQq8.O/am=BESFAw/d=1/ed=1/rs=AN8SPfoXdtDiC954xMvIGmoFqI7_rfjxCA/m=el_main:0:0)
    at Gk (https://translate.googleapis.com/_/translate_http/_/js/k=translate_http.tr.ko.8DGg4vZXQq8.O/am=BESFAw/d=1/ed=1/rs=AN8SPfoXdtDiC954xMvIGmoFqI7_rfjxCA/m=el_main:0:0)
    at Ik (https://translate.googleapis.com/_/translate_http/_/js/k=translate_http.tr.ko.8DGg4vZXQq8.O/am=BESFAw/d=1/ed=1/rs=AN8SPfoXdtDiC954xMvIGmoFqI7_rfjxCA/m=el_main:0:0)
    at Gk (https://translate.googleapis.com/_/translate_http/_/js/k=translate_http.tr.ko.8DGg4vZXQq8.O/am=BESFAw/d=1/ed=1/rs=AN8SPfoXdtDiC954xMvIGmoFqI7_rfjxCA/m=el_main:0:0)
    at Ik (https://translate.googleapis.com/_/translate_http/_/js/k=translate_http.tr.ko.8DGg4vZXQq8.O/am=BESFAw/d=1/ed=1/rs=AN8SPfoXdtDiC954xMvIGmoFqI7_rfjxCA/m=el_main:0:0)
    at Gk (https://translate.googleapis.com/_/translate_http/_/js/k=translate_http.tr.ko.8DGg4vZXQq8.O/am=BESFAw/d=1/ed=1/rs=AN8SPfoXdtDiC954xMvIGmoFqI7_rfjxCA/m=el_main:0:0)
    at Ik (https://translate.googleapis.com/_/translate_http/_/js/k=translate_http.tr.ko.8DGg4vZXQq8.O/am=BESFAw/d=1/ed=1/rs=AN8SPfoXdtDiC954xMvIGmoFqI7_rfjxCA/m=el_main:0:0)
    at Gk (https://translate.googleapis.com/_/translate_http/_/js/k=translate_http.tr.ko.8DGg4vZXQq8.O/am=BESFAw/d=1/ed=1/rs=AN8SPfoXdtDiC954xMvIGmoFqI7_rfjxCA/m=el_main:0:0)
    at Ik (https://translate.googleapis.com/_/translate_http/_/js/k=translate_http.tr.ko.8DGg4vZXQq8.O/am=BESFAw/d=1/ed=1/rs=AN8SPfoXdtDiC954xMvIGmoFqI7_rfjxCA/m=el_main:0:0)
    at Gk (https://translate.googleapis.com/_/translate_http/_/js/k=translate_http.tr.ko.8DGg4vZXQq8.O/am=BESFAw/d=1/ed=1/rs=AN8SPfoXdtDiC954xMvIGmoFqI7_rfjxCA/m=el_main:0:0)
    at Ik (https://translate.googleapis.com/_/translate_http/_/js/k=translate_http.tr.ko.8DGg4vZXQq8.O/am=BESFAw/d=1/ed=1/rs=AN8SPfoXdtDiC954xMvIGmoFqI7_rfjxCA/m=el_main:0:0)
    at Gk (https://translate.googleapis.com/_/translate_http/_/js/k=translate_http.tr.ko.8DGg4vZXQq8.O/am=BESFAw/d=1/ed=1/rs=AN8SPfoXdtDiC954xMvIGmoFqI7_rfjxCA/m=el_main:0:0)
    at Ik (https://translate.googleapis.com/_/translate_http/_/js/k=translate_http.tr.ko.8DGg4vZXQq8.O/am=BESFAw/d=1/ed=1/rs=AN8SPfoXdtDiC954xMvIGmoFqI7_rfjxCA/m=el_main:0:0)
    at Gk (https://translate.googleapis.com/_/translate_http/_/js/k=translate_http.tr.ko.8DGg4vZXQq8.O/am=BESFAw/d=1/ed=1/rs=AN8SPfoXdtDiC954xMvIGmoFqI7_rfjxCA/m=el_main:0:0)
    at Ik (https://translate.googleapis.com/_/translate_http/_/js/k=translate_http.tr.ko.8DGg4vZXQq8.O/am=BESFAw/d=1/ed=1/rs=AN8SPfoXdtDiC954xMvIGmoFqI7_rfjxCA/m=el_main:0:0)
    at Gk (https://translate.googleapis.com/_/translate_http/_/js/k=translate_http.tr.ko.8DGg4vZXQq8.O/am=BESFAw/d=1/ed=1/rs=AN8SPfoXdtDiC954xMvIGmoFqI7_rfjxCA/m=el_main:0:0)
    at Ik (https://translate.googleapis.com/_/translate_http/_/js/k=translate_http.tr.ko.8DGg4vZXQq8.O/am=BESFAw/d=1/ed=1/rs=AN8SPfoXdtDiC954xMvIGmoFqI7_rfjxCA/m=el_main:0:0)
    at Gk (https://translate.googleapis.com/_/translate_http/_/js/k=translate_http.tr.ko.8DGg4vZXQq8.O/am=BESFAw/d=1/ed=1/rs=AN8SPfoXdtDiC954xMvIGmoFqI7_rfjxCA/m=el_main:0:0)
    at Ik (https://translate.googleapis.com/_/translate_http/_/js/k=translate_http.tr.ko.8DGg4vZXQq8.O/am=BESFAw/d=1/ed=1/rs=AN8SPfoXdtDiC954xMvIGmoFqI7_rfjxCA/m=el_main:0:0)
    at Gk (https://translate.googleapis.com/_/translate_http/_/js/k=translate_http.tr.ko.8DGg4vZXQq8.O/am=BESFAw/d=1/ed=1/rs=AN8SPfoXdtDiC954xMvIGmoFqI7_rfjxCA/m=el_main:0:0)
    at Ik (https://translate.googleapis.com/_/translate_http/_/js/k=translate_http.tr.ko.8DGg4vZXQq8.O/am=BESFAw/d=1/ed=1/rs=AN8SPfoXdtDiC954xMvIGmoFqI7_rfjxCA/m=el_main:0:0)
    at Gk (https://translate.googleapis.com/_/translate_http/_/js/k=translate_http.tr.ko.8DGg4vZXQq8.O/am=BESFAw/d=1/ed=1/rs=AN8SPfoXdtDiC954xMvIGmoFqI7_rfjxCA/m=el_main:0:0)
    at Ik (https://translate.googleapis.com/_/translate_http/_/js/k=translate_http.tr.ko.8DGg4vZXQq8.O/am=BESFAw/d=1/ed=1/rs=AN8SPfoXdtDiC954xMvIGmoFqI7_rfjxCA/m=el_main:0:0)
    at Gk (https://translate.googleapis.com/_/translate_http/_/js/k=translate_http.tr.ko.8DGg4vZXQq8.O/am=BESFAw/d=1/ed=1/rs=AN8SPfoXdtDiC954xMvIGmoFqI7_rfjxCA/m=el_main:0:0)
    at Ik (https://translate.googleapis.com/_/translate_http/_/js/k=translate_http.tr.ko.8DGg4vZXQq8.O/am=BESFAw/d=1/ed=1/rs=AN8SPfoXdtDiC954xMvIGmoFqI7_rfjxCA/m=el_main:0:0)
    at Gk (https://translate.googleapis.com/_/translate_http/_/js/k=translate_http.tr.ko.8DGg4vZXQq8.O/am=BESFAw/d=1/ed=1/rs=AN8SPfoXdtDiC954xMvIGmoFqI7_rfjxCA/m=el_main:0:0)
    at Ik (https://translate.googleapis.com/_/translate_http/_/js/k=translate_http.tr.ko.8DGg4vZXQq8.O/am=BESFAw/d=1/ed=1/rs=AN8SPfoXdtDiC954xMvIGmoFqI7_rfjxCA/m=el_main:0:0)
    at Gk (https://translate.googleapis.com/_/translate_http/_/js/k=translate_http.tr.ko.8DGg4vZXQq8.O/am=BESFAw/d=1/ed=1/rs=AN8SPfoXdtDiC954xMvIGmoFqI7_rfjxCA/m=el_main:0:0)
    at Ik (https://translate.googleapis.com/_/translate_http/_/js/k=translate_http.tr.ko.8DGg4vZXQq8.O/am=BESFAw/d=1/ed=1/rs=AN8SPfoXdtDiC954xMvIGmoFqI7_rfjxCA/m=el_main:0:0)
    at Gk (https://translate.googleapis.com/_/translate_http/_/js/k=translate_http.tr.ko.8DGg4vZXQq8.O/am=BESFAw/d=1/ed=1/rs=AN8SPfoXdtDiC954xMvIGmoFqI7_rfjxCA/m=el_main:0:0)
    at Ik (https://translate.googleapis.com/_/translate_http/_/js/k=translate_http.tr.ko.8DGg4vZXQq8.O/am=BESFAw/d=1/ed=1/rs=AN8SPfoXdtDiC954xMvIGmoFqI7_rfjxCA/m=el_main:0:0)
    at Gk (https://translate.googleapis.com/_/translate_http/_/js/k=translate_http.tr.ko.8DGg4vZXQq8.O/am=BESFAw/d=1/ed=1/rs=AN8SPfoXdtDiC954xMvIGmoFqI7_rfjxCA/m=el_main:0:0)
    at Ik (https://translate.googleapis.com/_/translate_http/_/js/k=translate_http.tr.ko.8DGg4vZXQq8.O/am=BESFAw/d=1/ed=1/rs=AN8SPfoXdtDiC954xMvIGmoFqI7_rfjxCA/m=el_main:0:0)
    at Gk (https://translate.googleapis.com/_/translate_http/_/js/k=translate_http.tr.ko.8DGg4vZXQq8.O/am=BESFAw/d=1/ed=1/rs=AN8SPfoXdtDiC954xMvIGmoFqI7_rfjxCA/m=el_main:0:0)
    at Ik (https://translate.googleapis.com/_/translate_http/_/js/k=translate_http.tr.ko.8DGg4vZXQq8.O/am=BESFAw/d=1/ed=1/rs=AN8SPfoXdtDiC954xMvIGmoFqI7_rfjxCA/m=el_main:0:0)
    at Gk (https://translate.googleapis.com/_/translate_http/_/js/k=translate_http.tr.ko.8DGg4vZXQq8.O/am=BESFAw/d=1/ed=1/rs=AN8SPfoXdtDiC954xMvIGmoFqI7_rfjxCA/m=el_main:0:0)
    at Ik (https://translate.googleapis.com/_/translate_http/_/js/k=translate_http.tr.ko.8DGg4vZXQq8.O/am=BESFAw/d=1/ed=1/rs=AN8SPfoXdtDiC954xMvIGmoFqI7_rfjxCA/m=el_main:0:0)
    at Gk (https://translate.googleapis.com/_/translate_http/_/js/k=translate_http.tr.ko.8DGg4vZXQq8.O/am=BESFAw/d=1/ed=1/rs=AN8SPfoXdtDiC954xMvIGmoFqI7_rfjxCA/m=el_main:0:0)
    at Ik (https://translate.googleapis.com/_/translate_http/_/js/k=translate_http.tr.ko.8DGg4vZXQq8.O/am=BESFAw/d=1/ed=1/rs=AN8SPfoXdtDiC954xMvIGmoFqI7_rfjxCA/m=el_main:0:0)
    at Gk (https://translate.googleapis.com/_/translate_http/_/js/k=translate_http.tr.ko.8DGg4vZXQq8.O/am=BESFAw/d=1/ed=1/rs=AN8SPfoXdtDiC954xMvIGmoFqI7_rfjxCA/m=el_main:0:0)
    at Ik (https://translate.googleapis.com/_/translate_http/_/js/k=translate_http.tr.ko.8DGg4vZXQq8.O/am=BESFAw/d=1/ed=1/rs=AN8SPfoXdtDiC954xMvIGmoFqI7_rfjxCA/m=el_main:0:0)
    at Gk (https://translate.googleapis.com/_/translate_http/_/js/k=translate_http.tr.ko.8DGg4vZXQq8.O/am=BESFAw/d=1/ed=1/rs=AN8SPfoXdtDiC954xMvIGmoFqI7_rfjxCA/m=el_main:0:0)
    at Ik (https://translate.googleapis.com/_/translate_http/_/js/k=translate_http.tr.ko.8DGg4vZXQq8.O/am=BESFAw/d=1/ed=1/rs=AN8SPfoXdtDiC954xMvIGmoFqI7_rfjxCA/m=el_main:0:0)
    at Gk (https://translate.googleapis.com/_/translate_http/_/js/k=translate_http.tr.ko.8DGg4vZXQq8.O/am=BESFAw/d=1/ed=1/rs=AN8SPfoXdtDiC954xMvIGmoFqI7_rfjxCA/m=el_main:0:0)
    at Ik (https://translate.googleapis.com/_/translate_http/_/js/k=translate_http.tr.ko.8DGg4vZXQq8.O/am=BESFAw/d=1/ed=1/rs=AN8SPfoXdtDiC954xMvIGmoFqI7_rfjxCA/m=el_main:0:0)
    at Gk (https://translate.googleapis.com/_/translate_http/_/js/k=translate_http.tr.ko.8DGg4vZXQq8.O/am=BESFAw/d=1/ed=1/rs=AN8SPfoXdtDiC954xMvIGmoFqI7_rfjxCA/m=el_main:0:0)
    at Ik (https://translate.googleapis.com/_/translate_http/_/js/k=translate_http.tr.ko.8DGg4vZXQq8.O/am=BESFAw/d=1/ed=1/rs=AN8SPfoXdtDiC954xMvIGmoFqI7_rfjxCA/m=el_main:0:0)
    at Gk (https://translate.googleapis.com/_/translate_http/_/js/k=translate_http.tr.ko.8DGg4vZXQq8.O/am=BESFAw/d=1/ed=1/rs=AN8SPfoXdtDiC954xMvIGmoFqI7_rfjxCA/m=el_main:0:0)
    at Ik (https://translate.googleapis.com/_/translate_http/_/js/k=translate_http.tr.ko.8DGg4vZXQq8.O/am=BESFAw/d=1/ed=1/rs=AN8SPfoXdtDiC954xMvIGmoFqI7_rfjxCA/m=el_main:0:0)
    at Gk (https://translate.googleapis.com/_/translate_http/_/js/k=translate_http.tr.ko.8DGg4vZXQq8.O/am=BESFAw/d=1/ed=1/rs=AN8SPfoXdtDiC954xMvIGmoFqI7_rfjxCA/m=el_main:0:0)
    at Ik (https://translate.googleapis.com/_/translate_http/_/js/k=translate_http.tr.ko.8DGg4vZXQq8.O/am=BESFAw/d=1/ed=1/rs=AN8SPfoXdtDiC954xMvIGmoFqI7_rfjxCA/m=el_main:0:0)
    at Gk (https://translate.googleapis.com/_/translate_http/_/js/k=translate_http.tr.ko.8DGg4vZXQq8.O/am=BESFAw/d=1/ed=1/rs=AN8SPfoXdtDiC954xMvIGmoFqI7_rfjxCA/m=el_main:0:0)
    at Ik (https://translate.googleapis.com/_/translate_http/_/js/k=translate_http.tr.ko.8DGg4vZXQq8.O/am=BESFAw/d=1/ed=1/rs=AN8SPfoXdtDiC954xMvIGmoFqI7_rfjxCA/m=el_main:0:0)
    at Gk (https://translate.googleapis.com/_/translate_http/_/js/k=translate_http.tr.ko.8DGg4vZXQq8.O/am=BESFAw/d=1/ed=1/rs=AN8SPfoXdtDiC954xMvIGmoFqI7_rfjxCA/m=el_main:0:0)
    at Ik (https://translate.googleapis.com/_/translate_http/_/js/k=translate_http.tr.ko.8DGg4vZXQq8.O/am=BESFAw/d=1/ed=1/rs=AN8SPfoXdtDiC954xMvIGmoFqI7_rfjxCA/m=el_main:0:0)
    at Gk (https://translate.googleapis.com/_/translate_http/_/js/k=translate_http.tr.ko.8DGg4vZXQq8.O/am=BESFAw/d=1/ed=1/rs=AN8SPfoXdtDiC954xMvIGmoFqI7_rfjxCA/m=el_main:0:0)
    at Ik (https://translate.googleapis.com/_/translate_http/_/js/k=translate_http.tr.ko.8DGg4vZXQq8.O/am=BESFAw/d=1/ed=1/rs=AN8SPfoXdtDiC954xMvIGmoFqI7_rfjxCA/m=el_main:0:0)
    at Gk (https://translate.googleapis.com/_/translate_http/_/js/k=translate_http.tr.ko.8DGg4vZXQq8.O/am=BESFAw/d=1/ed=1/rs=AN8SPfoXdtDiC954xMvIGmoFqI7_rfjxCA/m=el_main:0:0)
    at Ik (https://translate.googleapis.com/_/translate_http/_/js/k=translate_http.tr.ko.8DGg4vZXQq8.O/am=BESFAw/d=1/ed=1/rs=AN8SPfoXdtDiC954xMvIGmoFqI7_rfjxCA/m=el_main:0:0)
    at Gk (https://translate.googleapis.com/_/translate_http/_/js/k=translate_http.tr.ko.8DGg4vZXQq8.O/am=BESFAw/d=1/ed=1/rs=AN8SPfoXdtDiC954xMvIGmoFqI7_rfjxCA/m=el_main:0:0)
    at Ik (https://translate.googleapis.com/_/translate_http/_/js/k=translate_http.tr.ko.8DGg4vZXQq8.O/am=BESFAw/d=1/ed=1/rs=AN8SPfoXdtDiC954xMvIGmoFqI7_rfjxCA/m=el_main:0:0)
    at Gk (https://translate.googleapis.com/_/translate_http/_/js/k=translate_http.tr.ko.8DGg4vZXQq8.O/am=BESFAw/d=1/ed=1/rs=AN8SPfoXdtDiC954xMvIGmoFqI7_rfjxCA/m=el_main:0:0)
    at Ik (https://translate.googleapis.com/_/translate_http/_/js/k=translate_http.tr.ko.8DGg4vZXQq8.O/am=BESFAw/d=1/ed=1/rs=AN8SPfoXdtDiC954xMvIGmoFqI7_rfjxCA/m=el_main:0:0)
    at Gk (https://translate.googleapis.com/_/translate_http/_/js/k=translate_http.tr.ko.8DGg4vZXQq8.O/am=BESFAw/d=1/ed=1/rs=AN8SPfoXdtDiC954xMvIGmoFqI7_rfjxCA/m=el_main:0:0)
    at Ik (https://translate.googleapis.com/_/translate_http/_/js/k=translate_http.tr.ko.8DGg4vZXQq8.O/am=BESFAw/d=1/ed=1/rs=AN8SPfoXdtDiC954xMvIGmoFqI7_rfjxCA/m=el_main:0:0)
    at Gk (https://translate.googleapis.com/_/translate_http/_/js/k=translate_http.tr.ko.8DGg4vZXQq8.O/am=BESFAw/d=1/ed=1/rs=AN8SPfoXdtDiC954xMvIGmoFqI7_rfjxCA/m=el_main:0:0)
    at Ik (https://translate.googleapis.com/_/translate_http/_/js/k=translate_http.tr.ko.8DGg4vZXQq8.O/am=BESFAw/d=1/ed=1/rs=AN8SPfoXdtDiC954xMvIGmoFqI7_rfjxCA/m=el_main:0:0)
    at Gk (https://translate.googleapis.com/_/translate_http/_/js/k=translate_http.tr.ko.8DGg4vZXQq8.O/am=BESFAw/d=1/ed=1/rs=AN8SPfoXdtDiC954xMvIGmoFqI7_rfjxCA/m=el_main:0:0)
    at Ik (https://translate.googleapis.com/_/translate_http/_/js/k=translate_http.tr.ko.8DGg4vZXQq8.O/am=BESFAw/d=1/ed=1/rs=AN8SPfoXdtDiC954xMvIGmoFqI7_rfjxCA/m=el_main:0:0)
    at Gk (https://translate.googleapis.com/_/translate_http/_/js/k=translate_http.tr.ko.8DGg4vZXQq8.O/am=BESFAw/d=1/ed=1/rs=AN8SPfoXdtDiC954xMvIGmoFqI7_rfjxCA/m=el_main:0:0)
    at Ik (https://translate.googleapis.com/_/translate_http/_/js/k=translate_http.tr.ko.8DGg4vZXQq8.O/am=BESFAw/d=1/ed=1/rs=AN8SPfoXdtDiC954xMvIGmoFqI7_rfjxCA/m=el_main:0:0)
    at Gk (https://translate.googleapis.com/_/translate_http/_/js/k=translate_http.tr.ko.8DGg4vZXQq8.O/am=BESFAw/d=1/ed=1/rs=AN8SPfoXdtDiC954xMvIGmoFqI7_rfjxCA/m=el_main:0:0)
    at Ik (https://translate.googleapis.com/_/translate_http/_/js/k=translate_http.tr.ko.8DGg4vZXQq8.O/am=BESFAw/d=1/ed=1/rs=AN8SPfoXdtDiC954xMvIGmoFqI7_rfjxCA/m=el_main:0:0)
    at Gk (https://translate.googleapis.com/_/translate_http/_/js/k=translate_http.tr.ko.8DGg4vZXQq8.O/am=BESFAw/d=1/ed=1/rs=AN8SPfoXdtDiC954xMvIGmoFqI7_rfjxCA/m=el_main:0:0)
    at Ik (https://translate.googleapis.com/_/translate_http/_/js/k=translate_http.tr.ko.8DGg4vZXQq8.O/am=BESFAw/d=1/ed=1/rs=AN8SPfoXdtDiC954xMvIGmoFqI7_rfjxCA/m=el_main:0:0)
    at Gk (https://translate.googleapis.com/_/translate_http/_/js/k=translate_http.tr.ko.8DGg4vZXQq8.O/am=BESFAw/d=1/ed=1/rs=AN8SPfoXdtDiC954xMvIGmoFqI7_rfjxCA/m=el_main:0:0)
    at Ik (https://translate.googleapis.com/_/translate_http/_/js/k=translate_http.tr.ko.8DGg4vZXQq8.O/am=BESFAw/d=1/ed=1/rs=AN8SPfoXdtDiC954xMvIGmoFqI7_rfjxCA/m=el_main:0:0)
    at Gk (https://translate.googleapis.com/_/translate_http/_/js/k=translate_http.tr.ko.8DGg4vZXQq8.O/am=BESFAw/d=1/ed=1/rs=AN8SPfoXdtDiC954xMvIGmoFqI7_rfjxCA/m=el_main:0:0)
    at Ik (https://translate.googleapis.com/_/translate_http/_/js/k=translate_http.tr.ko.8DGg4vZXQq8.O/am=BESFAw/d=1/ed=1/rs=AN8SPfoXdtDiC954xMvIGmoFqI7_rfjxCA/m=el_main:0:0)
    at Gk (https://translate.googleapis.com/_/translate_http/_/js/k=translate_http.tr.ko.8DGg4vZXQq8.O/am=BESFAw/d=1/ed=1/rs=AN8SPfoXdtDiC954xMvIGmoFqI7_rfjxCA/m=el_main:0:0)
    at Ik (https://translate.googleapis.com/_/translate_http/_/js/k=translate_http.tr.ko.8DGg4vZXQq8.O/am=BESFAw/d=1/ed=1/rs=AN8SPfoXdtDiC954xMvIGmoFqI7_rfjxCA/m=el_main:0:0)
    at Gk (https://translate.googleapis.com/_/translate_http/_/js/k=translate_http.tr.ko.8DGg4vZXQq8.O/am=BESFAw/d=1/ed=1/rs=AN8SPfoXdtDiC954xMvIGmoFqI7_rfjxCA/m=el_main:0:0)
    at Ik (https://translate.googleapis.com/_/translate_http/_/js/k=translate_http.tr.ko.8DGg4vZXQq8.O/am=BESFAw/d=1/ed=1/rs=AN8SPfoXdtDiC954xMvIGmoFqI7_rfjxCA/m=el_main:0:0)
    at Gk (https://translate.googleapis.com/_/translate_http/_/js/k=translate_http.tr.ko.8DGg4vZXQq8.O/am=BESFAw/d=1/ed=1/rs=AN8SPfoXdtDiC954xMvIGmoFqI7_rfjxCA/m=el_main:0:0)
    at Ik (https://translate.googleapis.com/_/translate_http/_/js/k=translate_http.tr.ko.8DGg4vZXQq8.O/am=BESFAw/d=1/ed=1/rs=AN8SPfoXdtDiC954xMvIGmoFqI7_rfjxCA/m=el_main:0:0)
    at Gk (https://translate.googleapis.com/_/translate_http/_/js/k=translate_http.tr.ko.8DGg4vZXQq8.O/am=BESFAw/d=1/ed=1/rs=AN8SPfoXdtDiC954xMvIGmoFqI7_rfjxCA/m=el_main:0:0)
    at Ik (https://translate.googleapis.com/_/translate_http/_/js/k=translate_http.tr.ko.8DGg4vZXQq8.O/am=BESFAw/d=1/ed=1/rs=AN8SPfoXdtDiC954xMvIGmoFqI7_rfjxCA/m=el_main:0:0)
    at Gk (https://translate.googleapis.com/_/translate_http/_/js/k=translate_http.tr.ko.8DGg4vZXQq8.O/am=BESFAw/d=1/ed=1/rs=AN8SPfoXdtDiC954xMvIGmoFqI7_rfjxCA/m=el_main:0:0)
    at Ik (https://translate.googleapis.com/_/translate_http/_/js/k=translate_http.tr.ko.8DGg4vZXQq8.O/am=BESFAw/d=1/ed=1/rs=AN8SPfoXdtDiC954xMvIGmoFqI7_rfjxCA/m=el_main:0:0)
    at Gk (https://translate.googleapis.com/_/translate_http/_/js/k=translate_http.tr.ko.8DGg4vZXQq8.O/am=BESFAw/d=1/ed=1/rs=AN8SPfoXdtDiC954xMvIGmoFqI7_rfjxCA/m=el_main:0:0)
    at Ik (https://translate.googleapis.com/_/translate_http/_/js/k=translate_http.tr.ko.8DGg4vZXQq8.O/am=BESFAw/d=1/ed=1/rs=AN8SPfoXdtDiC954xMvIGmoFqI7_rfjxCA/m=el_main:0:0)
    at Gk (https://translate.googleapis.com/_/translate_http/_/js/k=translate_http.tr.ko.8DGg4vZXQq8.O/am=BESFAw/d=1/ed=1/rs=AN8SPfoXdtDiC954xMvIGmoFqI7_rfjxCA/m=el_main:0:0)
    at Ik (https://translate.googleapis.com/_/translate_http/_/js/k=translate_http.tr.ko.8DGg4vZXQq8.O/am=BESFAw/d=1/ed=1/rs=AN8SPfoXdtDiC954xMvIGmoFqI7_rfjxCA/m=el_main:0:0)
    at Gk (https://translate.googleapis.com/_/translate_http/_/js/k=translate_http.tr.ko.8DGg4vZXQq8.O/am=BESFAw/d=1/ed=1/rs=AN8SPfoXdtDiC954xMvIGmoFqI7_rfjxCA/m=el_main:0:0)
    at Ik (https://translate.googleapis.com/_/translate_http/_/js/k=translate_http.tr.ko.8DGg4vZXQq8.O/am=BESFAw/d=1/ed=1/rs=AN8SPfoXdtDiC954xMvIGmoFqI7_rfjxCA/m=el_main:0:0)
    at Gk (https://translate.googleapis.com/_/translate_http/_/js/k=translate_http.tr.ko.8DGg4vZXQq8.O/am=BESFAw/d=1/ed=1/rs=AN8SPfoXdtDiC954xMvIGmoFqI7_rfjxCA/m=el_main:0:0)
    at Ik (https://translate.googleapis.com/_/translate_http/_/js/k=translate_http.tr.ko.8DGg4vZXQq8.O/am=BESFAw/d=1/ed=1/rs=AN8SPfoXdtDiC954xMvIGmoFqI7_rfjxCA/m=el_main:0:0)
    at Gk (https://translate.googleapis.com/_/translate_http/_/js/k=translate_http.tr.ko.8DGg4vZXQq8.O/am=BESFAw/d=1/ed=1/rs=AN8SPfoXdtDiC954xMvIGmoFqI7_rfjxCA/m=el_main:0:0)
    at Ik (https://translate.googleapis.com/_/translate_http/_/js/k=translate_http.tr.ko.8DGg4vZXQq8.O/am=BESFAw/d=1/ed=1/rs=AN8SPfoXdtDiC954xMvIGmoFqI7_rfjxCA/m=el_main:0:0)
    at Gk (https://translate.googleapis.com/_/translate_http/_/js/k=translate_http.tr.ko.8DGg4vZXQq8.O/am=BESFAw/d=1/ed=1/rs=AN8SPfoXdtDiC954xMvIGmoFqI7_rfjxCA/m=el_main:0:0)
    at Ik (https://translate.googleapis.com/_/translate_http/_/js/k=translate_http.tr.ko.8DGg4vZXQq8.O/am=BESFAw/d=1/ed=1/rs=AN8SPfoXdtDiC954xMvIGmoFqI7_rfjxCA/m=el_main:0:0)
    at Gk (https://translate.googleapis.com/_/translate_http/_/js/k=translate_http.tr.ko.8DGg4vZXQq8.O/am=BESFAw/d=1/ed=1/rs=AN8SPfoXdtDiC954xMvIGmoFqI7_rfjxCA/m=el_main:0:0)
    at Ik (https://translate.googleapis.com/_/translate_http/_/js/k=translate_http.tr.ko.8DGg4vZXQq8.O/am=BESFAw/d=1/ed=1/rs=AN8SPfoXdtDiC954xMvIGmoFqI7_rfjxCA/m=el_main:0:0)
    at Gk (https://translate.googleapis.com/_/translate_http/_/js/k=translate_http.tr.ko.8DGg4vZXQq8.O/am=BESFAw/d=1/ed=1/rs=AN8SPfoXdtDiC954xMvIGmoFqI7_rfjxCA/m=el_main:0:0)
    at Ik (https://translate.googleapis.com/_/translate_http/_/js/k=translate_http.tr.ko.8DGg4vZXQq8.O/am=BESFAw/d=1/ed=1/rs=AN8SPfoXdtDiC954xMvIGmoFqI7_rfjxCA/m=el_main:0:0)
    at Gk (https://translate.googleapis.com/_/translate_http/_/js/k=translate_http.tr.ko.8DGg4vZXQq8.O/am=BESFAw/d=1/ed=1/rs=AN8SPfoXdtDiC954xMvIGmoFqI7_rfjxCA/m=el_main:0:0)
    at Ik (https://translate.googleapis.com/_/translate_http/_/js/k=translate_http.tr.ko.8DGg4vZXQq8.O/am=BESFAw/d=1/ed=1/rs=AN8SPfoXdtDiC954xMvIGmoFqI7_rfjxCA/m=el_main:0:0)
    at Gk (https://translate.googleapis.com/_/translate_http/_/js/k=translate_http.tr.ko.8DGg4vZXQq8.O/am=BESFAw/d=1/ed=1/rs=AN8SPfoXdtDiC954xMvIGmoFqI7_rfjxCA/m=el_main:0:0)
    at Ik (https://translate.googleapis.com/_/translate_http/_/js/k=translate_http.tr.ko.8DGg4vZXQq8.O/am=BESFAw/d=1/ed=1/rs=AN8SPfoXdtDiC954xMvIGmoFqI7_rfjxCA/m=el_main:0:0)
    at Gk (https://translate.googleapis.com/_/translate_http/_/js/k=translate_http.tr.ko.8DGg4vZXQq8.O/am=BESFAw/d=1/ed=1/rs=AN8SPfoXdtDiC954xMvIGmoFqI7_rfjxCA/m=el_main:0:0)
    at Ik (https://translate.googleapis.com/_/translate_http/_/js/k=translate_http.tr.ko.8DGg4vZXQq8.O/am=BESFAw/d=1/ed=1/rs=AN8SPfoXdtDiC954xMvIGmoFqI7_rfjxCA/m=el_main:0:0)
    at Gk (https://translate.googleapis.com/_/translate_http/_/js/k=translate_http.tr.ko.8DGg4vZXQq8.O/am=BESFAw/d=1/ed=1/rs=AN8SPfoXdtDiC954xMvIGmoFqI7_rfjxCA/m=el_main:0:0)
    at Ik (https://translate.googleapis.com/_/translate_http/_/js/k=translate_http.tr.ko.8DGg4vZXQq8.O/am=BESFAw/d=1/ed=1/rs=AN8SPfoXdtDiC954xMvIGmoFqI7_rfjxCA/m=el_main:0:0)
    at Gk (https://translate.googleapis.com/_/translate_http/_/js/k=translate_http.tr.ko.8DGg4vZXQq8.O/am=BESFAw/d=1/ed=1/rs=AN8SPfoXdtDiC954xMvIGmoFqI7_rfjxCA/m=el_main:0:0)
    at Ik (https://translate.googleapis.com/_/translate_http/_/js/k=translate_http.tr.ko.8DGg4vZXQq8.O/am=BESFAw/d=1/ed=1/rs=AN8SPfoXdtDiC954xMvIGmoFqI7_rfjxCA/m=el_main:0:0)
    at Gk (https://translate.googleapis.com/_/translate_http/_/js/k=translate_http.tr.ko.8DGg4vZXQq8.O/am=BESFAw/d=1/ed=1/rs=AN8SPfoXdtDiC954xMvIGmoFqI7_rfjxCA/m=el_main:0:0)
    at Ik (https://translate.googleapis.com/_/translate_http/_/js/k=translate_http.tr.ko.8DGg4vZXQq8.O/am=BESFAw/d=1/ed=1/rs=AN8SPfoXdtDiC954xMvIGmoFqI7_rfjxCA/m=el_main:0:0)
    at Gk (https://translate.googleapis.com/_/translate_http/_/js/k=translate_http.tr.ko.8DGg4vZXQq8.O/am=BESFAw/d=1/ed=1/rs=AN8SPfoXdtDiC954xMvIGmoFqI7_rfjxCA/m=el_main:0:0)
    at Ik (https://translate.googleapis.com/_/translate_http/_/js/k=translate_http.tr.ko.8DGg4vZXQq8.O/am=BESFAw/d=1/ed=1/rs=AN8SPfoXdtDiC954xMvIGmoFqI7_rfjxCA/m=el_main:0:0)
    at Gk (https://translate.googleapis.com/_/translate_http/_/js/k=translate_http.tr.ko.8DGg4vZXQq8.O/am=BESFAw/d=1/ed=1/rs=AN8SPfoXdtDiC954xMvIGmoFqI7_rfjxCA/m=el_main:0:0)
    at Ik (https://translate.googleapis.com/_/translate_http/_/js/k=translate_http.tr.ko.8DGg4vZXQq8.O/am=BESFAw/d=1/ed=1/rs=AN8SPfoXdtDiC954xMvIGmoFqI7_rfjxCA/m=el_main:0:0)
    at Gk (https://translate.googleapis.com/_/translate_http/_/js/k=translate_http.tr.ko.8DGg4vZXQq8.O/am=BESFAw/d=1/ed=1/rs=AN8SPfoXdtDiC954xMvIGmoFqI7_rfjxCA/m=el_main:0:0)
    at Ik (https://translate.googleapis.com/_/translate_http/_/js/k=translate_http.tr.ko.8DGg4vZXQq8.O/am=BESFAw/d=1/ed=1/rs=AN8SPfoXdtDiC954xMvIGmoFqI7_rfjxCA/m=el_main:0:0)
    at Gk (https://translate.googleapis.com/_/translate_http/_/js/k=translate_http.tr.ko.8DGg4vZXQq8.O/am=BESFAw/d=1/ed=1/rs=AN8SPfoXdtDiC954xMvIGmoFqI7_rfjxCA/m=el_main:0:0)
    at Ik (https://translate.googleapis.com/_/translate_http/_/js/k=translate_http.tr.ko.8DGg4vZXQq8.O/am=BESFAw/d=1/ed=1/rs=AN8SPfoXdtDiC954xMvIGmoFqI7_rfjxCA/m=el_main:0:0)
    at Gk (https://translate.googleapis.com/_/translate_http/_/js/k=translate_http.tr.ko.8DGg4vZXQq8.O/am=BESFAw/d=1/ed=1/rs=AN8SPfoXdtDiC954xMvIGmoFqI7_rfjxCA/m=el_main:0:0)
    at Ik (https://translate.googleapis.com/_/translate_http/_/js/k=translate_http.tr.ko.8DGg4vZXQq8.O/am=BESFAw/d=1/ed=1/rs=AN8SPfoXdtDiC954xMvIGmoFqI7_rfjxCA/m=el_main:0:0)
    at Gk (https://translate.googleapis.com/_/translate_http/_/js/k=translate_http.tr.ko.8DGg4vZXQq8.O/am=BESFAw/d=1/ed=1/rs=AN8SPfoXdtDiC954xMvIGmoFqI7_rfjxCA/m=el_main:0:0)
    at Ik (https://translate.googleapis.com/_/translate_http/_/js/k=translate_http.tr.ko.8DGg4vZXQq8.O/am=BESFAw/d=1/ed=1/rs=AN8SPfoXdtDiC954xMvIGmoFqI7_rfjxCA/m=el_main:0:0)
    at Gk (https://translate.googleapis.com/_/translate_http/_/js/k=translate_http.tr.ko.8DGg4vZXQq8.O/am=BESFAw/d=1/ed=1/rs=AN8SPfoXdtDiC954xMvIGmoFqI7_rfjxCA/m=el_main:0:0)
    at Ik (https://translate.googleapis.com/_/translate_http/_/js/k=translate_http.tr.ko.8DGg4vZXQq8.O/am=BESFAw/d=1/ed=1/rs=AN8SPfoXdtDiC954xMvIGmoFqI7_rfjxCA/m=el_main:0:0)
    at Gk (https://translate.googleapis.com/_/translate_http/_/js/k=translate_http.tr.ko.8DGg4vZXQq8.O/am=BESFAw/d=1/ed=1/rs=AN8SPfoXdtDiC954xMvIGmoFqI7_rfjxCA/m=el_main:0:0)
    at Ik (https://translate.googleapis.com/_/translate_http/_/js/k=translate_http.tr.ko.8DGg4vZXQq8.O/am=BESFAw/d=1/ed=1/rs=AN8SPfoXdtDiC954xMvIGmoFqI7_rfjxCA/m=el_main:0:0)
    at Gk (https://translate.googleapis.com/_/translate_http/_/js/k=translate_http.tr.ko.8DGg4vZXQq8.O/am=BESFAw/d=1/ed=1/rs=AN8SPfoXdtDiC954xMvIGmoFqI7_rfjxCA/m=el_main:0:0)
    at Ik (https://translate.googleapis.com/_/translate_http/_/js/k=translate_http.tr.ko.8DGg4vZXQq8.O/am=BESFAw/d=1/ed=1/rs=AN8SPfoXdtDiC954xMvIGmoFqI7_rfjxCA/m=el_main:0:0)
    at Gk (https://translate.googleapis.com/_/translate_http/_/js/k=translate_http.tr.ko.8DGg4vZXQq8.O/am=BESFAw/d=1/ed=1/rs=AN8SPfoXdtDiC954xMvIGmoFqI7_rfjxCA/m=el_main:0:0)
    at Ik (https://translate.googleapis.com/_/translate_http/_/js/k=translate_http.tr.ko.8DGg4vZXQq8.O/am=BESFAw/d=1/ed=1/rs=AN8SPfoXdtDiC954xMvIGmoFqI7_rfjxCA/m=el_main:0:0)
    at Gk (https://translate.googleapis.com/_/translate_http/_/js/k=translate_http.tr.ko.8DGg4vZXQq8.O/am=BESFAw/d=1/ed=1/rs=AN8SPfoXdtDiC954xMvIGmoFqI7_rfjxCA/m=el_main:0:0)
    at Ik (https://translate.googleapis.com/_/translate_http/_/js/k=translate_http.tr.ko.8DGg4vZXQq8.O/am=BESFAw/d=1/ed=1/rs=AN8SPfoXdtDiC954xMvIGmoFqI7_rfjxCA/m=el_main:0:0)
    at Gk (https://translate.googleapis.com/_/translate_http/_/js/k=translate_http.tr.ko.8DGg4vZXQq8.O/am=BESFAw/d=1/ed=1/rs=AN8SPfoXdtDiC954xMvIGmoFqI7_rfjxCA/m=el_main:0:0)
    at Ik (https://translate.googleapis.com/_/translate_http/_/js/k=translate_http.tr.ko.8DGg4vZXQq8.O/am=BESFAw/d=1/ed=1/rs=AN8SPfoXdtDiC954xMvIGmoFqI7_rfjxCA/m=el_main:0:0)
    at Gk (https://translate.googleapis.com/_/translate_http/_/js/k=translate_http.tr.ko.8DGg4vZXQq8.O/am=BESFAw/d=1/ed=1/rs=AN8SPfoXdtDiC954xMvIGmoFqI7_rfjxCA/m=el_main:0:0)
    at Ik (https://translate.googleapis.com/_/translate_http/_/js/k=translate_http.tr.ko.8DGg4vZXQq8.O/am=BESFAw/d=1/ed=1/rs=AN8SPfoXdtDiC954xMvIGmoFqI7_rfjxCA/m=el_main:0:0)
    at Gk (https://translate.googleapis.com/_/translate_http/_/js/k=translate_http.tr.ko.8DGg4vZXQq8.O/am=BESFAw/d=1/ed=1/rs=AN8SPfoXdtDiC954xMvIGmoFqI7_rfjxCA/m=el_main:0:0)
    at Ik (https://translate.googleapis.com/_/translate_http/_/js/k=translate_http.tr.ko.8DGg4vZXQq8.O/am=BESFAw/d=1/ed=1/rs=AN8SPfoXdtDiC954xMvIGmoFqI7_rfjxCA/m=el_main:0:0)
    at Gk (https://translate.googleapis.com/_/translate_http/_/js/k=translate_http.tr.ko.8DGg4vZXQq8.O/am=BESFAw/d=1/ed=1/rs=AN8SPfoXdtDiC954xMvIGmoFqI7_rfjxCA/m=el_main:0:0)
    at Ik (https://translate.googleapis.com/_/translate_http/_/js/k=translate_http.tr.ko.8DGg4vZXQq8.O/am=BESFAw/d=1/ed=1/rs=AN8SPfoXdtDiC954xMvIGmoFqI7_rfjxCA/m=el_main:0:0)
    at Gk (https://translate.googleapis.com/_/translate_http/_/js/k=translate_http.tr.ko.8DGg4vZXQq8.O/am=BESFAw/d=1/ed=1/rs=AN8SPfoXdtDiC954xMvIGmoFqI7_rfjxCA/m=el_main:0:0)
    at Ik (https://translate.googleapis.com/_/translate_http/_/js/k=translate_http.tr.ko.8DGg4vZXQq8.O/am=BESFAw/d=1/ed=1/rs=AN8SPfoXdtDiC954xMvIGmoFqI7_rfjxCA/m=el_main:0:0)
    at Gk (https://translate.googleapis.com/_/translate_http/_/js/k=translate_http.tr.ko.8DGg4vZXQq8.O/am=BESFAw/d=1/ed=1/rs=AN8SPfoXdtDiC954xMvIGmoFqI7_rfjxCA/m=el_main:0:0)
    at Ik (https://translate.googleapis.com/_/translate_http/_/js/k=translate_http.tr.ko.8DGg4vZXQq8.O/am=BESFAw/d=1/ed=1/rs=AN8SPfoXdtDiC954xMvIGmoFqI7_rfjxCA/m=el_main:0:0)
    at Gk (https://translate.googleapis.com/_/translate_http/_/js/k=translate_http.tr.ko.8DGg4vZXQq8.O/am=BESFAw/d=1/ed=1/rs=AN8SPfoXdtDiC954xMvIGmoFqI7_rfjxCA/m=el_main:0:0)
    at Ik (https://translate.googleapis.com/_/translate_http/_/js/k=translate_http.tr.ko.8DGg4vZXQq8.O/am=BESFAw/d=1/ed=1/rs=AN8SPfoXdtDiC954xMvIGmoFqI7_rfjxCA/m=el_main:0:0)
    at Gk (https://translate.googleapis.com/_/translate_http/_/js/k=translate_http.tr.ko.8DGg4vZXQq8.O/am=BESFAw/d=1/ed=1/rs=AN8SPfoXdtDiC954xMvIGmoFqI7_rfjxCA/m=el_main:0:0)
    at Ik (https://translate.googleapis.com/_/translate_http/_/js/k=translate_http.tr.ko.8DGg4vZXQq8.O/am=BESFAw/d=1/ed=1/rs=AN8SPfoXdtDiC954xMvIGmoFqI7_rfjxCA/m=el_main:0:0)
    at Gk (https://translate.googleapis.com/_/translate_http/_/js/k=translate_http.tr.ko.8DGg4vZXQq8.O/am=BESFAw/d=1/ed=1/rs=AN8SPfoXdtDiC954xMvIGmoFqI7_rfjxCA/m=el_main:0:0)
    at Ik (https://translate.googleapis.com/_/translate_http/_/js/k=translate_http.tr.ko.8DGg4vZXQq8.O/am=BESFAw/d=1/ed=1/rs=AN8SPfoXdtDiC954xMvIGmoFqI7_rfjxCA/m=el_main:0:0)
    at Gk (https://translate.googleapis.com/_/translate_http/_/js/k=translate_http.tr.ko.8DGg4vZXQq8.O/am=BESFAw/d=1/ed=1/rs=AN8SPfoXdtDiC954xMvIGmoFqI7_rfjxCA/m=el_main:0:0)
    at Ik (https://translate.googleapis.com/_/translate_http/_/js/k=translate_http.tr.ko.8DGg4vZXQq8.O/am=BESFAw/d=1/ed=1/rs=AN8SPfoXdtDiC954xMvIGmoFqI7_rfjxCA/m=el_main:0:0)
    at Gk (https://translate.googleapis.com/_/translate_http/_/js/k=translate_http.tr.ko.8DGg4vZXQq8.O/am=BESFAw/d=1/ed=1/rs=AN8SPfoXdtDiC954xMvIGmoFqI7_rfjxCA/m=el_main:0:0)
    at Ik (https://translate.googleapis.com/_/translate_http/_/js/k=translate_http.tr.ko.8DGg4vZXQq8.O/am=BESFAw/d=1/ed=1/rs=AN8SPfoXdtDiC954xMvIGmoFqI7_rfjxCA/m=el_main:0:0)
    at Gk (https://translate.googleapis.com/_/translate_http/_/js/k=translate_http.tr.ko.8DGg4vZXQq8.O/am=BESFAw/d=1/ed=1/rs=AN8SPfoXdtDiC954xMvIGmoFqI7_rfjxCA/m=el_main:0:0)
    at Ik (https://translate.googleapis.com/_/translate_http/_/js/k=translate_http.tr.ko.8DGg4vZXQq8.O/am=BESFAw/d=1/ed=1/rs=AN8SPfoXdtDiC954xMvIGmoFqI7_rfjxCA/m=el_main:0:0)
    at Gk (https://translate.googleapis.com/_/translate_http/_/js/k=translate_http.tr.ko.8DGg4vZXQq8.O/am=BESFAw/d=1/ed=1/rs=AN8SPfoXdtDiC954xMvIGmoFqI7_rfjxCA/m=el_main:0:0)
    at Ik (https://translate.googleapis.com/_/translate_http/_/js/k=translate_http.tr.ko.8DGg4vZXQq8.O/am=BESFAw/d=1/ed=1/rs=AN8SPfoXdtDiC954xMvIGmoFqI7_rfjxCA/m=el_main:0:0)
    at Gk (https://translate.googleapis.com/_/translate_http/_/js/k=translate_http.tr.ko.8DGg4vZXQq8.O/am=BESFAw/d=1/ed=1/rs=AN8SPfoXdtDiC954xMvIGmoFqI7_rfjxCA/m=el_main:0:0)
    at Ik (https://translate.googleapis.com/_/translate_http/_/js/k=translate_http.tr.ko.8DGg4vZXQq8.O/am=BESFAw/d=1/ed=1/rs=AN8SPfoXdtDiC954xMvIGmoFqI7_rfjxCA/m=el_main:0:0)
    at Gk (https://translate.googleapis.com/_/translate_http/_/js/k=translate_http.tr.ko.8DGg4vZXQq8.O/am=BESFAw/d=1/ed=1/rs=AN8SPfoXdtDiC954xMvIGmoFqI7_rfjxCA/m=el_main:0:0)
    at Ik (https://translate.googleapis.com/_/translate_http/_/js/k=translate_http.tr.ko.8DGg4vZXQq8.O/am=BESFAw/d=1/ed=1/rs=AN8SPfoXdtDiC954xMvIGmoFqI7_rfjxCA/m=el_main:0:0)
[   16551ms] [ERROR] Failed to load resource: net::ERR_NAME_NOT_RESOLVED @ https://sync.adotmob.com/cookie/smart?r=https%3A%2F%2Frtb-csync.smartadserver.com%2Fredir%2F%3Fissi%3D1%26partnerid%3D66%26partneruserid%3D%7Bamob_user_id%7D:0
[   16551ms] [ERROR] Failed to load resource: net::ERR_NAME_NOT_RESOLVED @ https://sync.adotmob.com/cookie/indexexchange?gdpr=&gdpr_consent=&r=https%3A%2F%2Fdsum-sec.casalemedia.com%2Fcrum%3Fcm_dsp_id%3D13%26external_user_id%3D%7Bamob_user_id%7D%26expiration%3D%5BEXPIRATION%5D&gpp=&gpp_sid=:0
[   16682ms] [ERROR] Failed to load resource: the server responded with a status of 424 (Failed Dependency) @ https://t.adx.opera.com/pub/sync?pubid=pub10101531197440&gdpr=1&gdpr_consent=:0
